Archive member included because of file (symbol)

/Applications/microchip/xc32/v1.31/bin/../lib/gcc/pic32mx/4.5.2/../../../../pic32mx/lib/libpic32.a(memcpy.o)
                              build/pic32mx795_pim_e16_int_dyn/production/_ext/692885480/usb_device.o (memcpy)
/Applications/microchip/xc32/v1.31/bin/../lib/gcc/pic32mx/4.5.2/../../../../pic32mx/lib/libpic32.a(default-bootstrap-exception-handler.o)
                              /Applications/microchip/xc32/v1.31/bin/../lib/gcc/pic32mx/4.5.2/../../../../pic32mx/lib/./proc/32MX250F128B/crt0_mips32r2.o (_bootstrap_exception_handler)
/Applications/microchip/xc32/v1.31/bin/../lib/gcc/pic32mx/4.5.2/../../../../pic32mx/lib/libpic32.a(default-on-reset.o)
                              /Applications/microchip/xc32/v1.31/bin/../lib/gcc/pic32mx/4.5.2/../../../../pic32mx/lib/./proc/32MX250F128B/crt0_mips32r2.o (_on_reset)
/Applications/microchip/xc32/v1.31/bin/../lib/gcc/pic32mx/4.5.2/../../../../pic32mx/lib/libpic32.a(default-on-bootstrap.o)
                              /Applications/microchip/xc32/v1.31/bin/../lib/gcc/pic32mx/4.5.2/../../../../pic32mx/lib/./proc/32MX250F128B/crt0_mips32r2.o (_on_bootstrap)
/Applications/microchip/xc32/v1.31/bin/../lib/gcc/pic32mx/4.5.2/../../../../pic32mx/lib/libpic32.a(default-nmi-handler.o)
                              /Applications/microchip/xc32/v1.31/bin/../lib/gcc/pic32mx/4.5.2/../../../../pic32mx/lib/./proc/32MX250F128B/crt0_mips32r2.o (_nmi_handler)
/Applications/microchip/xc32/v1.31/bin/../lib/gcc/pic32mx/4.5.2/../../../../pic32mx/lib/libpic32.a(pic32_software_reset.o)
                              /Applications/microchip/xc32/v1.31/bin/../lib/gcc/pic32mx/4.5.2/../../../../pic32mx/lib/libpic32.a(default-bootstrap-exception-handler.o) (__pic32_software_reset)
/Applications/microchip/xc32/v1.31/bin/../lib/gcc/pic32mx/4.5.2/../../../../pic32mx/lib/libpic32.a(general-exception.o)
                              /Applications/microchip/xc32/v1.31/bin/../lib/gcc/pic32mx/4.5.2/../../../../pic32mx/lib/./proc/32MX250F128B/crt0_mips32r2.o (_general_exception_context)
/Applications/microchip/xc32/v1.31/bin/../lib/gcc/pic32mx/4.5.2/../../../../pic32mx/lib/libpic32.a(vector0.o)
                              /Applications/microchip/xc32/v1.31/bin/../lib/gcc/pic32mx/4.5.2/../../../../pic32mx/lib/./proc/32MX250F128B/default_isr_vectors.o (__vector_dispatch_0)
/Applications/microchip/xc32/v1.31/bin/../lib/gcc/pic32mx/4.5.2/../../../../pic32mx/lib/libpic32.a(vector1.o)
                              /Applications/microchip/xc32/v1.31/bin/../lib/gcc/pic32mx/4.5.2/../../../../pic32mx/lib/./proc/32MX250F128B/default_isr_vectors.o (__vector_dispatch_1)
/Applications/microchip/xc32/v1.31/bin/../lib/gcc/pic32mx/4.5.2/../../../../pic32mx/lib/libpic32.a(vector2.o)
                              /Applications/microchip/xc32/v1.31/bin/../lib/gcc/pic32mx/4.5.2/../../../../pic32mx/lib/./proc/32MX250F128B/default_isr_vectors.o (__vector_dispatch_2)
/Applications/microchip/xc32/v1.31/bin/../lib/gcc/pic32mx/4.5.2/../../../../pic32mx/lib/libpic32.a(vector3.o)
                              /Applications/microchip/xc32/v1.31/bin/../lib/gcc/pic32mx/4.5.2/../../../../pic32mx/lib/./proc/32MX250F128B/default_isr_vectors.o (__vector_dispatch_3)
/Applications/microchip/xc32/v1.31/bin/../lib/gcc/pic32mx/4.5.2/../../../../pic32mx/lib/libpic32.a(vector4.o)
                              /Applications/microchip/xc32/v1.31/bin/../lib/gcc/pic32mx/4.5.2/../../../../pic32mx/lib/./proc/32MX250F128B/default_isr_vectors.o (__vector_dispatch_4)
/Applications/microchip/xc32/v1.31/bin/../lib/gcc/pic32mx/4.5.2/../../../../pic32mx/lib/libpic32.a(vector5.o)
                              /Applications/microchip/xc32/v1.31/bin/../lib/gcc/pic32mx/4.5.2/../../../../pic32mx/lib/./proc/32MX250F128B/default_isr_vectors.o (__vector_dispatch_5)
/Applications/microchip/xc32/v1.31/bin/../lib/gcc/pic32mx/4.5.2/../../../../pic32mx/lib/libpic32.a(vector6.o)
                              /Applications/microchip/xc32/v1.31/bin/../lib/gcc/pic32mx/4.5.2/../../../../pic32mx/lib/./proc/32MX250F128B/default_isr_vectors.o (__vector_dispatch_6)
/Applications/microchip/xc32/v1.31/bin/../lib/gcc/pic32mx/4.5.2/../../../../pic32mx/lib/libpic32.a(vector7.o)
                              /Applications/microchip/xc32/v1.31/bin/../lib/gcc/pic32mx/4.5.2/../../../../pic32mx/lib/./proc/32MX250F128B/default_isr_vectors.o (__vector_dispatch_7)
/Applications/microchip/xc32/v1.31/bin/../lib/gcc/pic32mx/4.5.2/../../../../pic32mx/lib/libpic32.a(vector8.o)
                              /Applications/microchip/xc32/v1.31/bin/../lib/gcc/pic32mx/4.5.2/../../../../pic32mx/lib/./proc/32MX250F128B/default_isr_vectors.o (__vector_dispatch_8)
/Applications/microchip/xc32/v1.31/bin/../lib/gcc/pic32mx/4.5.2/../../../../pic32mx/lib/libpic32.a(vector9.o)
[...]
Memory Configuration

Name             Origin             Length             Attributes
kseg0_program_mem 0x9d000000         0x0001f000         xr
exception_mem    0x9d01f000         0x00001000
debug_exec_mem   0x9fc00490         0x00000760
kseg0_boot_mem   0x9fc00490         0x00000000
kseg1_boot_mem   0xbfc00000         0x00000490
config3          0xbfc00bf0         0x00000004
config2          0xbfc00bf4         0x00000004
config1          0xbfc00bf8         0x00000004
config0          0xbfc00bfc         0x00000004
kseg1_data_mem   0xa0000000         0x00008000         w !x
sfrs             0xbf800000         0x00100000
configsfrs       0xbfc00bf0         0x00000010
*default*        0x00000000         0xffffffff

Linker script and memory map

LOAD /Applications/microchip/xc32/v1.31/bin/../lib/gcc/pic32mx/4.5.2/../../../../pic32mx/lib/./proc/32MX250F128B/crt0_mips32r2.o
LOAD build/pic32mx795_pim_e16_int_dyn/production/_ext/1252289623/sys_clk_static.o
LOAD build/pic32mx795_pim_e16_int_dyn/production/_ext/633097401/sys_ports_static.o
LOAD build/pic32mx795_pim_e16_int_dyn/production/_ext/1856320864/system_init.o
LOAD build/pic32mx795_pim_e16_int_dyn/production/_ext/1856320864/system_interrupt.o
LOAD build/pic32mx795_pim_e16_int_dyn/production/_ext/1856320864/system_tasks.o
LOAD build/pic32mx795_pim_e16_int_dyn/production/_ext/1360937237/app.o
LOAD build/pic32mx795_pim_e16_int_dyn/production/_ext/1360937237/main.o
LOAD build/pic32mx795_pim_e16_int_dyn/production/_ext/819416189/bsp_sys_init.o
LOAD build/pic32mx795_pim_e16_int_dyn/production/_ext/1927798604/drv_usart.o
LOAD build/pic32mx795_pim_e16_int_dyn/production/_ext/1927798604/drv_usart_read_write.o
LOAD build/pic32mx795_pim_e16_int_dyn/production/_ext/1585079243/drv_usb.o
LOAD build/pic32mx795_pim_e16_int_dyn/production/_ext/1585079243/drv_usb_device.o
LOAD build/pic32mx795_pim_e16_int_dyn/production/_ext/912498863/sys_devcon.o
LOAD build/pic32mx795_pim_e16_int_dyn/production/_ext/912498863/sys_devcon_pic32mx.o
LOAD build/pic32mx795_pim_e16_int_dyn/production/_ext/711155467/sys_int_pic32.o
LOAD build/pic32mx795_pim_e16_int_dyn/production/_ext/1653354328/sys_ports.o
LOAD build/pic32mx795_pim_e16_int_dyn/production/_ext/692885480/usb_device.o
LOAD build/pic32mx795_pim_e16_int_dyn/production/_ext/692885480/usb_device_cdc.o
LOAD build/pic32mx795_pim_e16_int_dyn/production/_ext/692885480/usb_device_cdc_acm.o
LOAD ../../../../../../bin/framework/peripheral/PIC32MX795F512L_peripherals.a
                0x00000001                __MPLAB_BUILD = 0x1
                0x00000000                _min_heap_size = 0x0
LOAD /Applications/microchip/xc32/v1.31/bin/../lib/gcc/pic32mx/4.5.2/../../../../pic32mx/lib/./proc/32MX250F128B/default_isr_vectors.o
                0x00000400                PROVIDE (_min_stack_size, 0x400)
LOAD /Applications/microchip/xc32/v1.31/bin/../lib/gcc/pic32mx/4.5.2/../../../../pic32mx/lib/./proc/32MX250F128B/processor.o
START GROUP
LOAD /Applications/microchip/xc32/v1.31/bin/../lib/gcc/pic32mx/4.5.2/../../../../pic32mx/lib/libmchp_peripheral.a
END GROUP
START GROUP
LOAD /Applications/microchip/xc32/v1.31/bin/../lib/gcc/pic32mx/4.5.2/../../../../pic32mx/lib/libmchp_peripheral_32MX250F128B.a
END GROUP
                0x00000001                PROVIDE (_vector_spacing, 0x1)
                0x9d01f000                _ebase_address = 0x9d01f000
                0xbfc00000                _RESET_ADDR = 0xbfc00000
                0xbfc00380                _BEV_EXCPT_ADDR = 0xbfc00380
                0xbfc00480                _DBG_EXCPT_ADDR = 0xbfc00480
                0x9fc00490                _DBG_CODE_ADDR = 0x9fc00490
                0x00000760                _DBG_CODE_SIZE = 0x760
                0x9d01f180                _GEN_EXCPT_ADDR = (_ebase_address + 0x180)

.config_BFC00BF0
                0xbfc00bf0        0x4
 *(.config_BFC00BF0)
 .config_BFC00BF0
                0xbfc00bf0        0x4 build/pic32mx795_pim_e16_int_dyn/production/_ext/1856320864/system_init.o

.config_BFC00BF4
                0xbfc00bf4        0x4
 *(.config_BFC00BF4)
 .config_BFC00BF4
                0xbfc00bf4        0x4 build/pic32mx795_pim_e16_int_dyn/production/_ext/1856320864/system_init.o

.config_BFC00BF8
                0xbfc00bf8        0x4
 *(.config_BFC00BF8)
 .config_BFC00BF8
                0xbfc00bf8        0x4 build/pic32mx795_pim_e16_int_dyn/production/_ext/1856320864/system_init.o

.config_BFC00BFC
                0xbfc00bfc        0x4
 *(.config_BFC00BFC)
 .config_BFC00BFC
                0xbfc00bfc        0x4 build/pic32mx795_pim_e16_int_dyn/production/_ext/1856320864/system_init.o
                0xbfc02000                PROVIDE (_DBG_CODE_ADDR, 0xbfc02000)
                0x00000ff0                PROVIDE (_DBG_CODE_SIZE, 0xff0)

.reset          0xbfc00000      0x1c4
 *(.reset)
 .reset         0xbfc00000      0x1c4 /Applications/microchip/xc32/v1.31/bin/../lib/gcc/pic32mx/4.5.2/../../../../pic32mx/lib/./proc/32MX250F128B/crt0_mips32r2.o
                0xbfc00000                _reset
 *(.reset.startup)

.bev_excpt      0xbfc00380       0x10
 *(.bev_handler)
 .bev_handler   0xbfc00380       0x10 /Applications/microchip/xc32/v1.31/bin/../lib/gcc/pic32mx/4.5.2/../../../../pic32mx/lib/./proc/32MX250F128B/crt0_mips32r2.o

.dbg_excpt      0xbfc00480        0x0
                0xbfc00480                . = (. + DEFINED (_DEBUGGER)?0x8:0x0)

.dbg_code       0x9fc00490        0x0
                0x9fc00490                . = (. + DEFINED (_DEBUGGER)?_DBG_CODE_SIZE:0x0)

.app_excpt      0x9d01f180       0x10
 *(.gen_handler)
 .gen_handler   0x9d01f180       0x10 /Applications/microchip/xc32/v1.31/bin/../lib/gcc/pic32mx/4.5.2/../../../../pic32mx/lib/./proc/32MX250F128B/crt0_mips32r2.o

.vector_0       0x9d01f200        0x8
 *(.vector_0)
 .vector_0      0x9d01f200        0x8 /Applications/microchip/xc32/v1.31/bin/../lib/gcc/pic32mx/4.5.2/../../../../pic32mx/lib/libpic32.a(vector0.o)
                0x9d01f200                __vector_dispatch_0
                0x00000001                ASSERT (((_vector_spacing == 0x0) || (SIZEOF (.vector_0) <= (_vector_spacing << 0x5))), function at exception vector 0 too large)

.vector_1       0x9d01f220        0x8
 *(.vector_1)
 .vector_1      0x9d01f220        0x8 /Applications/microchip/xc32/v1.31/bin/../lib/gcc/pic32mx/4.5.2/../../../../pic32mx/lib/libpic32.a(vector1.o)
                0x9d01f220                __vector_dispatch_1
                0x00000001                ASSERT (((_vector_spacing == 0x0) || (SIZEOF (.vector_1) <= (_vector_spacing << 0x5))), function at exception vector 1 too large)

.vector_2       0x9d01f240        0x8
 *(.vector_2)
 .vector_2      0x9d01f240        0x8 /Applications/microchip/xc32/v1.31/bin/../lib/gcc/pic32mx/4.5.2/../../../../pic32mx/lib/libpic32.a(vector2.o)
                0x9d01f240                __vector_dispatch_2
                0x00000001                ASSERT (((_vector_spacing == 0x0) || (SIZEOF (.vector_2) <= (_vector_spacing << 0x5))), function at exception vector 2 too large)

.vector_3       0x9d01f260        0x8
 *(.vector_3)
 .vector_3      0x9d01f260        0x8 /Applications/microchip/xc32/v1.31/bin/../lib/gcc/pic32mx/4.5.2/../../../../pic32mx/lib/libpic32.a(vector3.o)
                0x9d01f260                __vector_dispatch_3
                0x00000001                ASSERT (((_vector_spacing == 0x0) || (SIZEOF (.vector_3) <= (_vector_spacing << 0x5))), function at exception vector 3 too large)

.vector_4       0x9d01f280        0x8
 *(.vector_4)
 .vector_4      0x9d01f280        0x8 /Applications/microchip/xc32/v1.31/bin/../lib/gcc/pic32mx/4.5.2/../../../../pic32mx/lib/libpic32.a(vector4.o)
                0x9d01f280                __vector_dispatch_4
                0x00000001                ASSERT (((_vector_spacing == 0x0) || (SIZEOF (.vector_4) <= (_vector_spacing << 0x5))), function at exception vector 4 too large)

.vector_5       0x9d01f2a0        0x8
 *(.vector_5)
 .vector_5      0x9d01f2a0        0x8 /Applications/microchip/xc32/v1.31/bin/../lib/gcc/pic32mx/4.5.2/../../../../pic32mx/lib/libpic32.a(vector5.o)
                0x9d01f2a0                __vector_dispatch_5
                0x00000001                ASSERT (((_vector_spacing == 0x0) || (SIZEOF (.vector_5) <= (_vector_spacing << 0x5))), function at exception vector 5 too large)

.vector_6       0x9d01f2c0        0x8
 *(.vector_6)
 .vector_6      0x9d01f2c0        0x8 /Applications/microchip/xc32/v1.31/bin/../lib/gcc/pic32mx/4.5.2/../../../../pic32mx/lib/libpic32.a(vector6.o)
                0x9d01f2c0                __vector_dispatch_6
                0x00000001                ASSERT (((_vector_spacing == 0x0) || (SIZEOF (.vector_6) <= (_vector_spacing << 0x5))), function at exception vector 6 too large)

.vector_7       0x9d01f2e0        0x8
 *(.vector_7)
 .vector_7      0x9d01f2e0        0x8 /Applications/microchip/xc32/v1.31/bin/../lib/gcc/pic32mx/4.5.2/../../../../pic32mx/lib/libpic32.a(vector7.o)
                0x9d01f2e0                __vector_dispatch_7
                0x00000001                ASSERT (((_vector_spacing == 0x0) || (SIZEOF (.vector_7) <= (_vector_spacing << 0x5))), function at exception vector 7 too large)

.vector_8       0x9d01f300        0x8
 *(.vector_8)
 .vector_8      0x9d01f300        0x8 /Applications/microchip/xc32/v1.31/bin/../lib/gcc/pic32mx/4.5.2/../../../../pic32mx/lib/libpic32.a(vector8.o)
                0x9d01f300                __vector_dispatch_8
                0x00000001                ASSERT (((_vector_spacing == 0x0) || (SIZEOF (.vector_8) <= (_vector_spacing << 0x5))), function at exception vector 8 too large)

.vector_9       0x9d01f320        0x8
 *(.vector_9)
 .vector_9      0x9d01f320        0x8 /Applications/microchip/xc32/v1.31/bin/../lib/gcc/pic32mx/4.5.2/../../../../pic32mx/lib/libpic32.a(vector9.o)
                0x9d01f320                __vector_dispatch_9
                0x00000001                ASSERT (((_vector_spacing == 0x0) || (SIZEOF (.vector_9) <= (_vector_spacing << 0x5))), function at exception vector 9 too large)

.vector_10      0x9d01f340        0x8
 *(.vector_10)
 .vector_10     0x9d01f340        0x8 /Applications/microchip/xc32/v1.31/bin/../lib/gcc/pic32mx/4.5.2/../../../../pic32mx/lib/libpic32.a(vector10.o)
                0x9d01f340                __vector_dispatch_10
                0x00000001                ASSERT (((_vector_spacing == 0x0) || (SIZEOF (.vector_10) <= (_vector_spacing << 0x5))), function at exception vector 10 too large)

.vector_11      0x9d01f360        0x8
 *(.vector_11)
 .vector_11     0x9d01f360        0x8 /Applications/microchip/xc32/v1.31/bin/../lib/gcc/pic32mx/4.5.2/../../../../pic32mx/lib/libpic32.a(vector11.o)
                0x9d01f360                __vector_dispatch_11
                0x00000001                ASSERT (((_vector_spacing == 0x0) || (SIZEOF (.vector_11) <= (_vector_spacing << 0x5))), function at exception vector 11 too large)

.vector_12      0x9d01f380        0x8
 *(.vector_12)
 .vector_12     0x9d01f380        0x8 /Applications/microchip/xc32/v1.31/bin/../lib/gcc/pic32mx/4.5.2/../../../../pic32mx/lib/libpic32.a(vector12.o)
                0x9d01f380                __vector_dispatch_12
                0x00000001                ASSERT (((_vector_spacing == 0x0) || (SIZEOF (.vector_12) <= (_vector_spacing << 0x5))), function at exception vector 12 too large)

.vector_13      0x9d01f3a0        0x8
 *(.vector_13)
 .vector_13     0x9d01f3a0        0x8 /Applications/microchip/xc32/v1.31/bin/../lib/gcc/pic32mx/4.5.2/../../../../pic32mx/lib/libpic32.a(vector13.o)
                0x9d01f3a0                __vector_dispatch_13
                0x00000001                ASSERT (((_vector_spacing == 0x0) || (SIZEOF (.vector_13) <= (_vector_spacing << 0x5))), function at exception vector 13 too large)

.vector_14      0x9d01f3c0        0x8
 *(.vector_14)
 .vector_14     0x9d01f3c0        0x8 /Applications/microchip/xc32/v1.31/bin/../lib/gcc/pic32mx/4.5.2/../../../../pic32mx/lib/libpic32.a(vector14.o)
                0x9d01f3c0                __vector_dispatch_14
                0x00000001                ASSERT (((_vector_spacing == 0x0) || (SIZEOF (.vector_14) <= (_vector_spacing << 0x5))), function at exception vector 14 too large)

.vector_15      0x9d01f3e0        0x8
 *(.vector_15)
 .vector_15     0x9d01f3e0        0x8 /Applications/microchip/xc32/v1.31/bin/../lib/gcc/pic32mx/4.5.2/../../../../pic32mx/lib/libpic32.a(vector15.o)
                0x9d01f3e0                __vector_dispatch_15
                0x00000001                ASSERT (((_vector_spacing == 0x0) || (SIZEOF (.vector_15) <= (_vector_spacing << 0x5))), function at exception vector 15 too large)

.vector_16      0x9d01f400        0x8
 *(.vector_16)
 .vector_16     0x9d01f400        0x8 /Applications/microchip/xc32/v1.31/bin/../lib/gcc/pic32mx/4.5.2/../../../../pic32mx/lib/libpic32.a(vector16.o)
                0x9d01f400                __vector_dispatch_16
                0x00000001                ASSERT (((_vector_spacing == 0x0) || (SIZEOF (.vector_16) <= (_vector_spacing << 0x5))), function at exception vector 16 too large)

.vector_17      0x9d01f420        0x8
 *(.vector_17)
 .vector_17     0x9d01f420        0x8 /Applications/microchip/xc32/v1.31/bin/../lib/gcc/pic32mx/4.5.2/../../../../pic32mx/lib/libpic32.a(vector17.o)
                0x9d01f420                __vector_dispatch_17
                0x00000001                ASSERT (((_vector_spacing == 0x0) || (SIZEOF (.vector_17) <= (_vector_spacing << 0x5))), function at exception vector 17 too large)

.vector_18      0x9d01f440        0x8
 *(.vector_18)
 .vector_18     0x9d01f440        0x8 /Applications/microchip/xc32/v1.31/bin/../lib/gcc/pic32mx/4.5.2/../../../../pic32mx/lib/libpic32.a(vector18.o)
                0x9d01f440                __vector_dispatch_18
                0x00000001                ASSERT (((_vector_spacing == 0x0) || (SIZEOF (.vector_18) <= (_vector_spacing << 0x5))), function at exception vector 18 too large)

.vector_19      0x9d01f460        0x8
 *(.vector_19)
 .vector_19     0x9d01f460        0x8 /Applications/microchip/xc32/v1.31/bin/../lib/gcc/pic32mx/4.5.2/../../../../pic32mx/lib/libpic32.a(vector19.o)
                0x9d01f460                __vector_dispatch_19
                0x00000001                ASSERT (((_vector_spacing == 0x0) || (SIZEOF (.vector_19) <= (_vector_spacing << 0x5))), function at exception vector 19 too large)

.vector_20      0x9d01f480        0x8
 *(.vector_20)
 .vector_20     0x9d01f480        0x8 /Applications/microchip/xc32/v1.31/bin/../lib/gcc/pic32mx/4.5.2/../../../../pic32mx/lib/libpic32.a(vector20.o)
                0x9d01f480                __vector_dispatch_20
                0x00000001                ASSERT (((_vector_spacing == 0x0) || (SIZEOF (.vector_20) <= (_vector_spacing << 0x5))), function at exception vector 20 too large)

.vector_21      0x9d01f4a0        0x8
 *(.vector_21)
 .vector_21     0x9d01f4a0        0x8 /Applications/microchip/xc32/v1.31/bin/../lib/gcc/pic32mx/4.5.2/../../../../pic32mx/lib/libpic32.a(vector21.o)
                0x9d01f4a0                __vector_dispatch_21
                0x00000001                ASSERT (((_vector_spacing == 0x0) || (SIZEOF (.vector_21) <= (_vector_spacing << 0x5))), function at exception vector 21 too large)

.vector_22      0x9d01f4c0        0x8
 *(.vector_22)
 .vector_22     0x9d01f4c0        0x8 /Applications/microchip/xc32/v1.31/bin/../lib/gcc/pic32mx/4.5.2/../../../../pic32mx/lib/libpic32.a(vector22.o)
                0x9d01f4c0                __vector_dispatch_22
                0x00000001                ASSERT (((_vector_spacing == 0x0) || (SIZEOF (.vector_22) <= (_vector_spacing << 0x5))), function at exception vector 22 too large)

.vector_23      0x9d01f4e0        0x8
 *(.vector_23)
 .vector_23     0x9d01f4e0        0x8 /Applications/microchip/xc32/v1.31/bin/../lib/gcc/pic32mx/4.5.2/../../../../pic32mx/lib/libpic32.a(vector23.o)
                0x9d01f4e0                __vector_dispatch_23
                0x00000001                ASSERT (((_vector_spacing == 0x0) || (SIZEOF (.vector_23) <= (_vector_spacing << 0x5))), function at exception vector 23 too large)

.vector_24      0x9d01f500        0x8
 *(.vector_24)
 .vector_24     0x9d01f500        0x8 /Applications/microchip/xc32/v1.31/bin/../lib/gcc/pic32mx/4.5.2/../../../../pic32mx/lib/libpic32.a(vector24.o)
                0x9d01f500                __vector_dispatch_24
                0x00000001                ASSERT (((_vector_spacing == 0x0) || (SIZEOF (.vector_24) <= (_vector_spacing << 0x5))), function at exception vector 24 too large)

.vector_25      0x9d01f520        0x8
 *(.vector_25)
 .vector_25     0x9d01f520        0x8 /Applications/microchip/xc32/v1.31/bin/../lib/gcc/pic32mx/4.5.2/../../../../pic32mx/lib/libpic32.a(vector25.o)
                0x9d01f520                __vector_dispatch_25
                0x00000001                ASSERT (((_vector_spacing == 0x0) || (SIZEOF (.vector_25) <= (_vector_spacing << 0x5))), function at exception vector 25 too large)

.vector_26      0x9d01f540        0x8
 *(.vector_26)
 .vector_26     0x9d01f540        0x8 /Applications/microchip/xc32/v1.31/bin/../lib/gcc/pic32mx/4.5.2/../../../../pic32mx/lib/libpic32.a(vector26.o)
                0x9d01f540                __vector_dispatch_26
                0x00000001                ASSERT (((_vector_spacing == 0x0) || (SIZEOF (.vector_26) <= (_vector_spacing << 0x5))), function at exception vector 26 too large)

.vector_27      0x9d01f560        0x8
 *(.vector_27)
 .vector_27     0x9d01f560        0x8 /Applications/microchip/xc32/v1.31/bin/../lib/gcc/pic32mx/4.5.2/../../../../pic32mx/lib/libpic32.a(vector27.o)
                0x9d01f560                __vector_dispatch_27
                0x00000001                ASSERT (((_vector_spacing == 0x0) || (SIZEOF (.vector_27) <= (_vector_spacing << 0x5))), function at exception vector 27 too large)

.vector_28      0x9d01f580        0x8
 *(.vector_28)
 .vector_28     0x9d01f580        0x8 /Applications/microchip/xc32/v1.31/bin/../lib/gcc/pic32mx/4.5.2/../../../../pic32mx/lib/libpic32.a(vector28.o)
                0x9d01f580                __vector_dispatch_28
                0x00000001                ASSERT (((_vector_spacing == 0x0) || (SIZEOF (.vector_28) <= (_vector_spacing << 0x5))), function at exception vector 28 too large)

.vector_29      0x9d01f5a0        0x8
 *(.vector_29)
 .vector_29     0x9d01f5a0        0x8 /Applications/microchip/xc32/v1.31/bin/../lib/gcc/pic32mx/4.5.2/../../../../pic32mx/lib/libpic32.a(vector29.o)
                0x9d01f5a0                __vector_dispatch_29
                0x00000001                ASSERT (((_vector_spacing == 0x0) || (SIZEOF (.vector_29) <= (_vector_spacing << 0x5))), function at exception vector 29 too large)

.vector_30      0x9d01f5c0        0x8
 *(.vector_30)
 .vector_30     0x9d01f5c0        0x8 build/pic32mx795_pim_e16_int_dyn/production/_ext/1856320864/system_interrupt.o
                0x9d01f5c0                __vector_dispatch_30
                0x00000001                ASSERT (((_vector_spacing == 0x0) || (SIZEOF (.vector_30) <= (_vector_spacing << 0x5))), function at exception vector 30 too large)

.vector_31      0x9d01f5e0        0x8
 *(.vector_31)
 .vector_31     0x9d01f5e0        0x8 /Applications/microchip/xc32/v1.31/bin/../lib/gcc/pic32mx/4.5.2/../../../../pic32mx/lib/libpic32.a(vector31.o)
                0x9d01f5e0                __vector_dispatch_31
                0x00000001                ASSERT (((_vector_spacing == 0x0) || (SIZEOF (.vector_31) <= (_vector_spacing << 0x5))), function at exception vector 31 too large)

.vector_32      0x9d01f600        0x8
 *(.vector_32)
 .vector_32     0x9d01f600        0x8 /Applications/microchip/xc32/v1.31/bin/../lib/gcc/pic32mx/4.5.2/../../../../pic32mx/lib/libpic32.a(vector32.o)
                0x9d01f600                __vector_dispatch_32
                0x00000001                ASSERT (((_vector_spacing == 0x0) || (SIZEOF (.vector_32) <= (_vector_spacing << 0x5))), function at exception vector 32 too large)

.vector_33      0x9d01f620        0x8
 *(.vector_33)
 .vector_33     0x9d01f620        0x8 /Applications/microchip/xc32/v1.31/bin/../lib/gcc/pic32mx/4.5.2/../../../../pic32mx/lib/libpic32.a(vector33.o)
                0x9d01f620                __vector_dispatch_33
                0x00000001                ASSERT (((_vector_spacing == 0x0) || (SIZEOF (.vector_33) <= (_vector_spacing << 0x5))), function at exception vector 33 too large)

.vector_34      0x9d01f640        0x8
 *(.vector_34)
 .vector_34     0x9d01f640        0x8 /Applications/microchip/xc32/v1.31/bin/../lib/gcc/pic32mx/4.5.2/../../../../pic32mx/lib/libpic32.a(vector34.o)
                0x9d01f640                __vector_dispatch_34
                0x00000001                ASSERT (((_vector_spacing == 0x0) || (SIZEOF (.vector_34) <= (_vector_spacing << 0x5))), function at exception vector 34 too large)

.vector_35      0x9d01f660        0x8
 *(.vector_35)
 .vector_35     0x9d01f660        0x8 /Applications/microchip/xc32/v1.31/bin/../lib/gcc/pic32mx/4.5.2/../../../../pic32mx/lib/libpic32.a(vector35.o)
                0x9d01f660                __vector_dispatch_35
                0x00000001                ASSERT (((_vector_spacing == 0x0) || (SIZEOF (.vector_35) <= (_vector_spacing << 0x5))), function at exception vector 35 too large)

.vector_36      0x9d01f680        0x8
 *(.vector_36)
 .vector_36     0x9d01f680        0x8 /Applications/microchip/xc32/v1.31/bin/../lib/gcc/pic32mx/4.5.2/../../../../pic32mx/lib/libpic32.a(vector36.o)
                0x9d01f680                __vector_dispatch_36
                0x00000001                ASSERT (((_vector_spacing == 0x0) || (SIZEOF (.vector_36) <= (_vector_spacing << 0x5))), function at exception vector 36 too large)

.vector_37      0x9d01f6a0        0x8
 *(.vector_37)
 .vector_37     0x9d01f6a0        0x8 build/pic32mx795_pim_e16_int_dyn/production/_ext/1856320864/system_interrupt.o
                0x9d01f6a0                __vector_dispatch_37
                0x00000001                ASSERT (((_vector_spacing == 0x0) || (SIZEOF (.vector_37) <= (_vector_spacing << 0x5))), function at exception vector 37 too large)

.vector_38      0x9d01f6c0        0x8
 *(.vector_38)
 .vector_38     0x9d01f6c0        0x8 /Applications/microchip/xc32/v1.31/bin/../lib/gcc/pic32mx/4.5.2/../../../../pic32mx/lib/libpic32.a(vector38.o)
                0x9d01f6c0                __vector_dispatch_38
                0x00000001                ASSERT (((_vector_spacing == 0x0) || (SIZEOF (.vector_38) <= (_vector_spacing << 0x5))), function at exception vector 38 too large)

.vector_39      0x9d01f6e0        0x8
 *(.vector_39)
 .vector_39     0x9d01f6e0        0x8 /Applications/microchip/xc32/v1.31/bin/../lib/gcc/pic32mx/4.5.2/../../../../pic32mx/lib/libpic32.a(vector39.o)
                0x9d01f6e0                __vector_dispatch_39
                0x00000001                ASSERT (((_vector_spacing == 0x0) || (SIZEOF (.vector_39) <= (_vector_spacing << 0x5))), function at exception vector 39 too large)

.vector_40      0x9d01f700        0x8
 *(.vector_40)
 .vector_40     0x9d01f700        0x8 /Applications/microchip/xc32/v1.31/bin/../lib/gcc/pic32mx/4.5.2/../../../../pic32mx/lib/libpic32.a(vector40.o)
                0x9d01f700                __vector_dispatch_40
                0x00000001                ASSERT (((_vector_spacing == 0x0) || (SIZEOF (.vector_40) <= (_vector_spacing << 0x5))), function at exception vector 40 too large)

.vector_41      0x9d01f720        0x8
 *(.vector_41)
 .vector_41     0x9d01f720        0x8 /Applications/microchip/xc32/v1.31/bin/../lib/gcc/pic32mx/4.5.2/../../../../pic32mx/lib/libpic32.a(vector41.o)
                0x9d01f720                __vector_dispatch_41
                0x00000001                ASSERT (((_vector_spacing == 0x0) || (SIZEOF (.vector_41) <= (_vector_spacing << 0x5))), function at exception vector 41 too large)

.vector_42      0x9d01f740        0x8
 *(.vector_42)
 .vector_42     0x9d01f740        0x8 /Applications/microchip/xc32/v1.31/bin/../lib/gcc/pic32mx/4.5.2/../../../../pic32mx/lib/libpic32.a(vector42.o)
                0x9d01f740                __vector_dispatch_42
                0x00000001                ASSERT (((_vector_spacing == 0x0) || (SIZEOF (.vector_42) <= (_vector_spacing << 0x5))), function at exception vector 42 too large)

.vector_43      0x9d01f760        0x8
 *(.vector_43)
 .vector_43     0x9d01f760        0x8 /Applications/microchip/xc32/v1.31/bin/../lib/gcc/pic32mx/4.5.2/../../../../pic32mx/lib/libpic32.a(vector43.o)
                0x9d01f760                __vector_dispatch_43
                0x00000001                ASSERT (((_vector_spacing == 0x0) || (SIZEOF (.vector_43) <= (_vector_spacing << 0x5))), function at exception vector 43 too large)

.vector_44      0x9d01f780        0x8
 *(.vector_44)
 .vector_44     0x9d01f780        0x8 /Applications/microchip/xc32/v1.31/bin/../lib/gcc/pic32mx/4.5.2/../../../../pic32mx/lib/libpic32.a(vector44.o)
                0x9d01f780                __vector_dispatch_44
                0x00000001                ASSERT (((_vector_spacing == 0x0) || (SIZEOF (.vector_44) <= (_vector_spacing << 0x5))), function at exception vector 44 too large)

.vector_45      0x9d01f7a0        0x8
 *(.vector_45)
 .vector_45     0x9d01f7a0        0x8 /Applications/microchip/xc32/v1.31/bin/../lib/gcc/pic32mx/4.5.2/../../../../pic32mx/lib/libpic32.a(vector45.o)
                0x9d01f7a0                __vector_dispatch_45
                0x00000001                ASSERT (((_vector_spacing == 0x0) || (SIZEOF (.vector_45) <= (_vector_spacing << 0x5))), function at exception vector 45 too large)

.vector_46      0x9d01f7c0        0x8
 *(.vector_46)
 .vector_46     0x9d01f7c0        0x8 /Applications/microchip/xc32/v1.31/bin/../lib/gcc/pic32mx/4.5.2/../../../../pic32mx/lib/libpic32.a(vector46.o)
                0x9d01f7c0                __vector_dispatch_46
                0x00000001                ASSERT (((_vector_spacing == 0x0) || (SIZEOF (.vector_46) <= (_vector_spacing << 0x5))), function at exception vector 46 too large)

.vector_47      0x9d01f7e0        0x8
 *(.vector_47)
 .vector_47     0x9d01f7e0        0x8 /Applications/microchip/xc32/v1.31/bin/../lib/gcc/pic32mx/4.5.2/../../../../pic32mx/lib/libpic32.a(vector47.o)
                0x9d01f7e0                __vector_dispatch_47
                0x00000001                ASSERT (((_vector_spacing == 0x0) || (SIZEOF (.vector_47) <= (_vector_spacing << 0x5))), function at exception vector 47 too large)

.vector_48      0x9d01f800        0x8
 *(.vector_48)
 .vector_48     0x9d01f800        0x8 /Applications/microchip/xc32/v1.31/bin/../lib/gcc/pic32mx/4.5.2/../../../../pic32mx/lib/libpic32.a(vector48.o)
                0x9d01f800                __vector_dispatch_48
                0x00000001                ASSERT (((_vector_spacing == 0x0) || (SIZEOF (.vector_48) <= (_vector_spacing << 0x5))), function at exception vector 48 too large)

.vector_49      0x9d01f820        0x8
 *(.vector_49)
 .vector_49     0x9d01f820        0x8 /Applications/microchip/xc32/v1.31/bin/../lib/gcc/pic32mx/4.5.2/../../../../pic32mx/lib/libpic32.a(vector49.o)
                0x9d01f820                __vector_dispatch_49
                0x00000001                ASSERT (((_vector_spacing == 0x0) || (SIZEOF (.vector_49) <= (_vector_spacing << 0x5))), function at exception vector 49 too large)

.vector_50      0x9d01f840        0x8
 *(.vector_50)
 .vector_50     0x9d01f840        0x8 /Applications/microchip/xc32/v1.31/bin/../lib/gcc/pic32mx/4.5.2/../../../../pic32mx/lib/libpic32.a(vector50.o)
                0x9d01f840                __vector_dispatch_50
                0x00000001                ASSERT (((_vector_spacing == 0x0) || (SIZEOF (.vector_50) <= (_vector_spacing << 0x5))), function at exception vector 50 too large)

.vector_51      0x9d01f860        0x8
 *(.vector_51)
 .vector_51     0x9d01f860        0x8 /Applications/microchip/xc32/v1.31/bin/../lib/gcc/pic32mx/4.5.2/../../../../pic32mx/lib/libpic32.a(vector51.o)
                0x9d01f860                __vector_dispatch_51
                0x00000001                ASSERT (((_vector_spacing == 0x0) || (SIZEOF (.vector_51) <= (_vector_spacing << 0x5))), function at exception vector 51 too large)

.vector_52      0x9d01f880        0x8
 *(.vector_52)
 .vector_52     0x9d01f880        0x8 /Applications/microchip/xc32/v1.31/bin/../lib/gcc/pic32mx/4.5.2/../../../../pic32mx/lib/libpic32.a(vector52.o)
                0x9d01f880                __vector_dispatch_52
                0x00000001                ASSERT (((_vector_spacing == 0x0) || (SIZEOF (.vector_52) <= (_vector_spacing << 0x5))), function at exception vector 52 too large)

.vector_53      0x9d01f8a0        0x8
 *(.vector_53)
 .vector_53     0x9d01f8a0        0x8 /Applications/microchip/xc32/v1.31/bin/../lib/gcc/pic32mx/4.5.2/../../../../pic32mx/lib/libpic32.a(vector53.o)
                0x9d01f8a0                __vector_dispatch_53
                0x00000001                ASSERT (((_vector_spacing == 0x0) || (SIZEOF (.vector_53) <= (_vector_spacing << 0x5))), function at exception vector 53 too large)

.vector_54      0x9d01f8c0        0x8
 *(.vector_54)
 .vector_54     0x9d01f8c0        0x8 /Applications/microchip/xc32/v1.31/bin/../lib/gcc/pic32mx/4.5.2/../../../../pic32mx/lib/libpic32.a(vector54.o)
                0x9d01f8c0                __vector_dispatch_54
                0x00000001                ASSERT (((_vector_spacing == 0x0) || (SIZEOF (.vector_54) <= (_vector_spacing << 0x5))), function at exception vector 54 too large)

.vector_55      0x9d01f8e0        0x8
 *(.vector_55)
 .vector_55     0x9d01f8e0        0x8 /Applications/microchip/xc32/v1.31/bin/../lib/gcc/pic32mx/4.5.2/../../../../pic32mx/lib/libpic32.a(vector55.o)
                0x9d01f8e0                __vector_dispatch_55
                0x00000001                ASSERT (((_vector_spacing == 0x0) || (SIZEOF (.vector_55) <= (_vector_spacing << 0x5))), function at exception vector 55 too large)

.vector_56      0x9d01f900        0x8
 *(.vector_56)
 .vector_56     0x9d01f900        0x8 /Applications/microchip/xc32/v1.31/bin/../lib/gcc/pic32mx/4.5.2/../../../../pic32mx/lib/libpic32.a(vector56.o)
                0x9d01f900                __vector_dispatch_56
                0x00000001                ASSERT (((_vector_spacing == 0x0) || (SIZEOF (.vector_56) <= (_vector_spacing << 0x5))), function at exception vector 56 too large)

.vector_57      0x9d01f920        0x8
 *(.vector_57)
 .vector_57     0x9d01f920        0x8 /Applications/microchip/xc32/v1.31/bin/../lib/gcc/pic32mx/4.5.2/../../../../pic32mx/lib/libpic32.a(vector57.o)
                0x9d01f920                __vector_dispatch_57
                0x00000001                ASSERT (((_vector_spacing == 0x0) || (SIZEOF (.vector_57) <= (_vector_spacing << 0x5))), function at exception vector 57 too large)

.vector_58      0x9d01f940        0x8
 *(.vector_58)
 .vector_58     0x9d01f940        0x8 /Applications/microchip/xc32/v1.31/bin/../lib/gcc/pic32mx/4.5.2/../../../../pic32mx/lib/libpic32.a(vector58.o)
                0x9d01f940                __vector_dispatch_58
                0x00000001                ASSERT (((_vector_spacing == 0x0) || (SIZEOF (.vector_58) <= (_vector_spacing << 0x5))), function at exception vector 58 too large)

.vector_59      0x9d01f960        0x8
 *(.vector_59)
 .vector_59     0x9d01f960        0x8 /Applications/microchip/xc32/v1.31/bin/../lib/gcc/pic32mx/4.5.2/../../../../pic32mx/lib/libpic32.a(vector59.o)
                0x9d01f960                __vector_dispatch_59
                0x00000001                ASSERT (((_vector_spacing == 0x0) || (SIZEOF (.vector_59) <= (_vector_spacing << 0x5))), function at exception vector 59 too large)

.vector_60      0x9d01f980        0x8
 *(.vector_60)
 .vector_60     0x9d01f980        0x8 /Applications/microchip/xc32/v1.31/bin/../lib/gcc/pic32mx/4.5.2/../../../../pic32mx/lib/libpic32.a(vector60.o)
                0x9d01f980                __vector_dispatch_60
                0x00000001                ASSERT (((_vector_spacing == 0x0) || (SIZEOF (.vector_60) <= (_vector_spacing << 0x5))), function at exception vector 60 too large)

.vector_61      0x9d01f9a0        0x8
 *(.vector_61)
 .vector_61     0x9d01f9a0        0x8 /Applications/microchip/xc32/v1.31/bin/../lib/gcc/pic32mx/4.5.2/../../../../pic32mx/lib/libpic32.a(vector61.o)
                0x9d01f9a0                __vector_dispatch_61
                0x00000001                ASSERT (((_vector_spacing == 0x0) || (SIZEOF (.vector_61) <= (_vector_spacing << 0x5))), function at exception vector 61 too large)

.vector_62      0x9d01f9c0        0x8
 *(.vector_62)
 .vector_62     0x9d01f9c0        0x8 /Applications/microchip/xc32/v1.31/bin/../lib/gcc/pic32mx/4.5.2/../../../../pic32mx/lib/libpic32.a(vector62.o)
                0x9d01f9c0                __vector_dispatch_62
                0x00000001                ASSERT (((_vector_spacing == 0x0) || (SIZEOF (.vector_62) <= (_vector_spacing << 0x5))), function at exception vector 62 too large)

.vector_63      0x9d01f9e0        0x8
 *(.vector_63)
 .vector_63     0x9d01f9e0        0x8 /Applications/microchip/xc32/v1.31/bin/../lib/gcc/pic32mx/4.5.2/../../../../pic32mx/lib/libpic32.a(vector63.o)
                0x9d01f9e0                __vector_dispatch_63
                0x00000001                ASSERT (((_vector_spacing == 0x0) || (SIZEOF (.vector_63) <= (_vector_spacing << 0x5))), function at exception vector 63 too large)

.startup
 *(.startup)

.text           0x9d000000        0x0
 *(.stub .gnu.linkonce.t.*)
 *(.text.*personality*)
 *(.mips16.fn.*)
 *(.mips16.call.*)
 *(.gnu.warning)
                0x9d000000                . = ALIGN (0x4)

.init           0x9d000000        0x0
 *crti.o(.init)
 *crtbegin.o(.init)
 *(EXCLUDE_FILE(*crtn.o *crtend?.o *crtend.o) .init)
 *crtend.o(.init)
 *crtn.o(.init)
                0x9d000000                . = ALIGN (0x4)

.fini           0x9d000000        0x0
 *(.fini)
                0x9d000000                . = ALIGN (0x4)

.preinit_array  0x9d000000        0x0
                0x9d000000                PROVIDE (__preinit_array_start, .)
 *(.preinit_array)
                0x9d000000                PROVIDE (__preinit_array_end, .)
                0x9d000000                . = ALIGN (0x4)

.init_array     0x9d000000        0x0
                0x9d000000                PROVIDE (__init_array_start, .)
 *(SORT(.init_array.*))
 *(.init_array)
                0x9d000000                PROVIDE (__init_array_end, .)
                0x9d000000                . = ALIGN (0x4)

.fini_array     0x9d000000        0x0
                0x9d000000                PROVIDE (__fini_array_start, .)
 *(SORT(.fini_array.*))
 *(.fini_array)
                0x9d000000                PROVIDE (__fini_array_end, .)
                0x9d000000                . = ALIGN (0x4)

.ctors          0x9d000000        0x0
 *crtbegin.o(.ctors)
 *crtbegin?.o(.ctors)
 *(EXCLUDE_FILE(*crtend?.o *crtend.o) .ctors)
 *(SORT(.ctors.*))
 *(.ctors)
                0x9d000000                . = ALIGN (0x4)

.dtors          0x9d000000        0x0
 *crtbegin.o(.dtors)
 *crtbegin?.o(.dtors)
 *(EXCLUDE_FILE(*crtend?.o *crtend.o) .dtors)
 *(SORT(.dtors.*))
 *(.dtors)
                0x9d000000                . = ALIGN (0x4)

.rodata         0x9d000000        0x0
 *(.gnu.linkonce.r.*)
 *(.rodata1)
                0x9d000000                . = ALIGN (0x4)

.sdata2         0x9fc00490        0x0
 *(.sdata2 .sdata2.* .gnu.linkonce.s2.*)
                0x9fc00490                . = ALIGN (0x4)

.sbss2          0x9fc00490        0x0
 *(.sbss2 .sbss2.* .gnu.linkonce.sb2.*)
                0x9fc00490                . = ALIGN (0x4)

.eh_frame_hdr
 *(.eh_frame_hdr)
                0x9fc00490                . = ALIGN (0x4)

.eh_frame
 *(.eh_frame)
                0x9fc00490                . = ALIGN (0x4)

.gcc_except_table
 *(.gcc_except_table .gcc_except_table.*)
                0x9fc00490                . = ALIGN (0x4)

.dbg_data       0xa0000000        0x0
                0xa0000000                . = (. + DEFINED (_DEBUGGER)?0x200:0x0)

.jcr            0xa0000000        0x0
 *(.jcr)
                0xa0000000                . = ALIGN (0x4)

.eh_frame
 *(.eh_frame)
                0xa0000000                . = ALIGN (0x4)

.gcc_except_table
 *(.gcc_except_table .gcc_except_table.*)
                0xa0000000                . = ALIGN (0x4)

.persist        0xa0000000        0x0
                0xa0000000                _persist_begin = .
 *(.persist .persist.*)
 *(.pbss .pbss.*)
                0xa0000000                . = ALIGN (0x4)
                0xa0000000                _persist_end = .

.data           0xa0000000        0x0
 *(.gnu.linkonce.d.*)
 *(.data1)
                0xa0000000                . = ALIGN (0x4)
                0xa0000000                . = .
                0xa0007ff0                _gp = (ALIGN (0x10) + 0x7ff0)

.got            0xa0000000        0x0
 *(.got.plt)
 *(.got)
                0xa0000000                . = ALIGN (0x4)

.sdata          0xa0000000        0xc
                0xa0000000                _sdata_begin = .
 *(.sdata .sdata.* .gnu.linkonce.s.*)
 .sdata         0xa0000000        0x4 build/pic32mx795_pim_e16_int_dyn/production/_ext/1360937237/app.o
                0xa0000000                timer
 .sdata         0xa0000004        0x4 /Applications/microchip/xc32/v1.31/bin/../lib/gcc/pic32mx/4.5.2/../../../../pic32mx/lib/libc.a(_iob.o)
                0xa0000004                _Files
 .sdata         0xa0000008        0x4 /Applications/microchip/xc32/v1.31/bin/../lib/gcc/pic32mx/4.5.2/../../../../pic32mx/lib/libpic32.a(xc32_uart.o)
                0xa0000008                __XC_UART
                0xa000000c                . = ALIGN (0x4)
                0xa000000c                _sdata_end = .

.lit8
 *(.lit8)

.lit4
 *(.lit4)
                0xa000000c                . = ALIGN (0x4)
                0xa000000c                _data_end = .
                0xa000000c                _bss_begin = .

.sbss           0xa000000c       0x28
                0xa000000c                _sbss_begin = .
 *(.dynsbss)
 *(.sbss .sbss.* .gnu.linkonce.sb.*)
 .sbss          0xa000000c        0xc build/pic32mx795_pim_e16_int_dyn/production/_ext/1360937237/app.o
                0xa000000c                count
                0xa0000010                cpostatus
                0xa0000014                duty
 .sbss          0xa0000018        0x1 /Applications/microchip/xc32/v1.31/bin/../lib/gcc/pic32mx/4.5.2/../../../../pic32mx/lib/libc.a(_iob.o)
                0xa0000018                _outdone
 *(.scommon)
 *fill*         0xa0000019        0x3 
 .scommon       0xa000001c        0x8 build/pic32mx795_pim_e16_int_dyn/production/_ext/1252289623/sys_clk_static.o
                0xa000001c                BDT_ENTRY
 .scommon       0xa0000024        0x0 build/pic32mx795_pim_e16_int_dyn/production/_ext/1856320864/system_init.o
 .scommon       0xa0000024        0x0 build/pic32mx795_pim_e16_int_dyn/production/_ext/1856320864/system_interrupt.o
 .scommon       0xa0000024        0x0 build/pic32mx795_pim_e16_int_dyn/production/_ext/1856320864/system_tasks.o
 .scommon       0xa0000024        0x0 build/pic32mx795_pim_e16_int_dyn/production/_ext/1360937237/app.o
 .scommon       0xa0000024        0x3 build/pic32mx795_pim_e16_int_dyn/production/_ext/1927798604/drv_usart.o
                0xa0000024                gDrvUSARTCommonDataObj
 .scommon       0xa0000027        0x0 build/pic32mx795_pim_e16_int_dyn/production/_ext/1585079243/drv_usb.o
 .scommon       0xa0000027        0x0 build/pic32mx795_pim_e16_int_dyn/production/_ext/1585079243/drv_usb_device.o
 *fill*         0xa0000027        0x1 
 .scommon       0xa0000028        0x8 build/pic32mx795_pim_e16_int_dyn/production/_ext/912498863/sys_devcon.o
                0xa0000028                sysDevconObj
 .scommon       0xa0000030        0x0 build/pic32mx795_pim_e16_int_dyn/production/_ext/692885480/usb_device.o
 .scommon       0xa0000030        0x2 build/pic32mx795_pim_e16_int_dyn/production/_ext/692885480/usb_device_cdc.o
                0xa0000030                gUSBDeviceCdcCommonDataObj
 .scommon       0xa0000032        0x0 build/pic32mx795_pim_e16_int_dyn/production/_ext/692885480/usb_device_cdc_acm.o
                0xa0000032                _sbss_end = .
                0xa0000034                . = ALIGN (0x4)
 *fill*         0xa0000032        0x2 

.bss            0xa0000200      0x424
 *(.dynbss)
 *(COMMON)
 COMMON         0xa0000200       0x6c build/pic32mx795_pim_e16_int_dyn/production/_ext/1856320864/system_init.o
                0xa0000200                endPointTable
                0xa0000260                sysObj
 COMMON         0xa000026c      0x1b8 build/pic32mx795_pim_e16_int_dyn/production/_ext/1360937237/app.o
                0xa000026c                appData
                0xa00002e4                message2
                0xa00003e4                buf
 COMMON         0xa0000424       0x94 build/pic32mx795_pim_e16_int_dyn/production/_ext/1927798604/drv_usart.o
                0xa0000424                gDrvUSARTClientObj
                0xa0000464                gDrvUSARTObj
 COMMON         0xa00004b8       0xc0 build/pic32mx795_pim_e16_int_dyn/production/_ext/1585079243/drv_usb.o
                0xa00004b8                gDrvUSBGroup
 COMMON         0xa0000578       0xac build/pic32mx795_pim_e16_int_dyn/production/_ext/692885480/usb_device_cdc.o
                0xa0000578                gUSBDeviceCDCIRP
                0xa00005e4                gUSBDeviceCDCInstance
                0xa0000624                . = ALIGN ((. != 0x0)?0x4:0x1)
                0xa0000624                . = ALIGN (0x4)
                0xa0000624                _end = .
                0xa0000624                _bss_end = .
                0x00008000                _bmxdudba_address = 0x8000
                0x00008000                _bmxdupba_address = 0x8000

/DISCARD/
 *(.pdr)
 *(.rel.dyn)
 *(.note.GNU-stack)
 *(.note.GNU-stack)
 *(.gnu_debuglink)
 *(.gnu.lto_*)
 *(.discard)

.gptab.sdata
 *(.gptab.data)
 *(.gptab.sdata)

.gptab.sbss
 *(.gptab.bss)
 *(.gptab.sbss)

.mdebug.abi32   0xa0000624        0x0
 *(.mdebug.abi32)
 .mdebug.abi32  0xa0000624        0x0 build/pic32mx795_pim_e16_int_dyn/production/_ext/1252289623/sys_clk_static.o
 .mdebug.abi32  0xa0000624        0x0 build/pic32mx795_pim_e16_int_dyn/production/_ext/633097401/sys_ports_static.o
 .mdebug.abi32  0xa0000624        0x0 build/pic32mx795_pim_e16_int_dyn/production/_ext/1856320864/system_init.o
 .mdebug.abi32  0xa0000624        0x0 build/pic32mx795_pim_e16_int_dyn/production/_ext/1856320864/system_interrupt.o
 .mdebug.abi32  0xa0000624        0x0 build/pic32mx795_pim_e16_int_dyn/production/_ext/1856320864/system_tasks.o
 .mdebug.abi32  0xa0000624        0x0 build/pic32mx795_pim_e16_int_dyn/production/_ext/1360937237/app.o
 .mdebug.abi32  0xa0000624        0x0 build/pic32mx795_pim_e16_int_dyn/production/_ext/1360937237/main.o
 .mdebug.abi32  0xa0000624        0x0 build/pic32mx795_pim_e16_int_dyn/production/_ext/819416189/bsp_sys_init.o
 .mdebug.abi32  0xa0000624        0x0 build/pic32mx795_pim_e16_int_dyn/production/_ext/1927798604/drv_usart.o
 .mdebug.abi32  0xa0000624        0x0 build/pic32mx795_pim_e16_int_dyn/production/_ext/1927798604/drv_usart_read_write.o
 .mdebug.abi32  0xa0000624        0x0 build/pic32mx795_pim_e16_int_dyn/production/_ext/1585079243/drv_usb.o
 .mdebug.abi32  0xa0000624        0x0 build/pic32mx795_pim_e16_int_dyn/production/_ext/1585079243/drv_usb_device.o
 .mdebug.abi32  0xa0000624        0x0 build/pic32mx795_pim_e16_int_dyn/production/_ext/912498863/sys_devcon.o
 .mdebug.abi32  0xa0000624        0x0 build/pic32mx795_pim_e16_int_dyn/production/_ext/912498863/sys_devcon_pic32mx.o
 .mdebug.abi32  0xa0000624        0x0 build/pic32mx795_pim_e16_int_dyn/production/_ext/711155467/sys_int_pic32.o
 .mdebug.abi32  0xa0000624        0x0 build/pic32mx795_pim_e16_int_dyn/production/_ext/1653354328/sys_ports.o
 .mdebug.abi32  0xa0000624        0x0 build/pic32mx795_pim_e16_int_dyn/production/_ext/692885480/usb_device.o
 .mdebug.abi32  0xa0000624        0x0 build/pic32mx795_pim_e16_int_dyn/production/_ext/692885480/usb_device_cdc.o
 .mdebug.abi32  0xa0000624        0x0 build/pic32mx795_pim_e16_int_dyn/production/_ext/692885480/usb_device_cdc_acm.o
 .mdebug.abi32  0xa0000624        0x0 /Applications/microchip/xc32/v1.31/bin/../lib/gcc/pic32mx/4.5.2/../../../../pic32mx/lib/libpic32.a(default-bootstrap-exception-handler.o)
 .mdebug.abi32  0xa0000624        0x0 /Applications/microchip/xc32/v1.31/bin/../lib/gcc/pic32mx/4.5.2/../../../../pic32mx/lib/libpic32.a(default-on-reset.o)
 .mdebug.abi32  0xa0000624        0x0 /Applications/microchip/xc32/v1.31/bin/../lib/gcc/pic32mx/4.5.2/../../../../pic32mx/lib/libpic32.a(default-on-bootstrap.o)
 .mdebug.abi32  0xa0000624        0x0 /Applications/microchip/xc32/v1.31/bin/../lib/gcc/pic32mx/4.5.2/../../../../pic32mx/lib/libpic32.a(default-general-exception-handler.o)
 .mdebug.abi32  0xa0000624        0x0 /Applications/microchip/xc32/v1.31/bin/../lib/gcc/pic32mx/4.5.2/../../../../pic32mx/lib/libpic32.a(defaultinterrupt.o)
 .mdebug.abi32  0xa0000624        0x0 /Applications/microchip/xc32/v1.31/bin/../lib/gcc/pic32mx/4.5.2/../../../../pic32mx/lib/libc.a(sscanf_cdnopuxX.eo)
 .mdebug.abi32  0xa0000624        0x0 /Applications/microchip/xc32/v1.31/bin/../lib/gcc/pic32mx/4.5.2/../../../../pic32mx/lib/libc.a(strlen.o)
 .mdebug.abi32  0xa0000624        0x0 /Applications/microchip/xc32/v1.31/bin/../lib/gcc/pic32mx/4.5.2/../../../../pic32mx/lib/libc.a(doscan_cdnopuxX.eo)
 .mdebug.abi32  0xa0000624        0x0 /Applications/microchip/xc32/v1.31/bin/../lib/gcc/pic32mx/4.5.2/../../../../pic32mx/lib/libc.a(fgetc.o)
 .mdebug.abi32  0xa0000624        0x0 /Applications/microchip/xc32/v1.31/bin/../lib/gcc/pic32mx/4.5.2/../../../../pic32mx/lib/libc.a(atoi.o)
 .mdebug.abi32  0xa0000624        0x0 /Applications/microchip/xc32/v1.31/bin/../lib/gcc/pic32mx/4.5.2/../../../../pic32mx/lib/libc.a(ctype.o)
 .mdebug.abi32  0xa0000624        0x0 /Applications/microchip/xc32/v1.31/bin/../lib/gcc/pic32mx/4.5.2/../../../../pic32mx/lib/libc.a(ctypef.o)
 .mdebug.abi32  0xa0000624        0x0 /Applications/microchip/xc32/v1.31/bin/../lib/gcc/pic32mx/4.5.2/../../../../pic32mx/lib/libc.a(ungetc.o)
 .mdebug.abi32  0xa0000624        0x0 /Applications/microchip/xc32/v1.31/bin/../lib/gcc/pic32mx/4.5.2/../../../../pic32mx/lib/libc.a(filbuf.o)
 .mdebug.abi32  0xa0000624        0x0 /Applications/microchip/xc32/v1.31/bin/../lib/gcc/pic32mx/4.5.2/../../../../pic32mx/lib/libc.a(fflush.o)
 .mdebug.abi32  0xa0000624        0x0 /Applications/microchip/xc32/v1.31/bin/../lib/gcc/pic32mx/4.5.2/../../../../pic32mx/lib/libc.a(_iob.o)
 .mdebug.abi32  0xa0000624        0x0 /Applications/microchip/xc32/v1.31/bin/../lib/gcc/pic32mx/4.5.2/../../../../pic32mx/lib/libpic32.a(read.o)
 .mdebug.abi32  0xa0000624        0x0 /Applications/microchip/xc32/v1.31/bin/../lib/gcc/pic32mx/4.5.2/../../../../pic32mx/lib/libpic32.a(write.o)
 .mdebug.abi32  0xa0000624        0x0 /Applications/microchip/xc32/v1.31/bin/../lib/gcc/pic32mx/4.5.2/../../../../pic32mx/lib/libpic32.a(xc32_uart.o)
 .mdebug.abi32  0xa0000624        0x0 /Applications/microchip/xc32/v1.31/bin/../lib/gcc/pic32mx/4.5.2/../../../../pic32mx/lib/libpic32.a(_mon_putc.o)

.mdebug.abiN32
 *(.mdebug.abiN32)

.mdebug.abi64
 *(.mdebug.abi64)

.mdebug.abiO64
 *(.mdebug.abiO64)

.mdebug.eabi32
 *(.mdebug.eabi32)

.mdebug.eabi64
 *(.mdebug.eabi64)

.gcc_compiled_long32
 *(.gcc_compiled_long32)

.gcc_compiled_long64
 *(.gcc_compiled_long64)

.stab
 *(.stab)

.stabstr
 *(.stabstr)

.stab.excl
 *(.stab.excl)

.stab.exclstr
 *(.stab.exclstr)

.stab.index
 *(.stab.index)

.stab.indexstr
 *(.stab.indexstr)

.comment        0x00000000      0x115
 *(.comment)
 .comment       0x00000000       0x3c build/pic32mx795_pim_e16_int_dyn/production/_ext/1252289623/sys_clk_static.o
                                 0x3d (size before relaxing)
 .comment       0x00000000       0x3d build/pic32mx795_pim_e16_int_dyn/production/_ext/633097401/sys_ports_static.o
 .comment       0x00000000       0x3d build/pic32mx795_pim_e16_int_dyn/production/_ext/1856320864/system_init.o
 .comment       0x00000000       0x3d build/pic32mx795_pim_e16_int_dyn/production/_ext/1856320864/system_interrupt.o
 .comment       0x00000000       0x3d build/pic32mx795_pim_e16_int_dyn/production/_ext/1856320864/system_tasks.o
 .comment       0x00000000       0x3d build/pic32mx795_pim_e16_int_dyn/production/_ext/1360937237/app.o
 .comment       0x00000000       0x3d build/pic32mx795_pim_e16_int_dyn/production/_ext/1360937237/main.o
 .comment       0x00000000       0x3d build/pic32mx795_pim_e16_int_dyn/production/_ext/819416189/bsp_sys_init.o
 .comment       0x00000000       0x3d build/pic32mx795_pim_e16_int_dyn/production/_ext/1927798604/drv_usart.o
 .comment       0x00000000       0x3d build/pic32mx795_pim_e16_int_dyn/production/_ext/1927798604/drv_usart_read_write.o
 .comment       0x00000000       0x3d build/pic32mx795_pim_e16_int_dyn/production/_ext/1585079243/drv_usb.o
 .comment       0x00000000       0x3d build/pic32mx795_pim_e16_int_dyn/production/_ext/1585079243/drv_usb_device.o
 .comment       0x00000000       0x3d build/pic32mx795_pim_e16_int_dyn/production/_ext/912498863/sys_devcon.o
 .comment       0x00000000       0x3d build/pic32mx795_pim_e16_int_dyn/production/_ext/912498863/sys_devcon_pic32mx.o
 .comment       0x00000000       0x3d build/pic32mx795_pim_e16_int_dyn/production/_ext/711155467/sys_int_pic32.o
 .comment       0x00000000       0x3d build/pic32mx795_pim_e16_int_dyn/production/_ext/1653354328/sys_ports.o
 .comment       0x00000000       0x3d build/pic32mx795_pim_e16_int_dyn/production/_ext/692885480/usb_device.o
 .comment       0x00000000       0x3d build/pic32mx795_pim_e16_int_dyn/production/_ext/692885480/usb_device_cdc.o
 .comment       0x00000000       0x3d build/pic32mx795_pim_e16_int_dyn/production/_ext/692885480/usb_device_cdc_acm.o
 .comment       0x0000003c       0x3c /Applications/microchip/xc32/v1.31/bin/../lib/gcc/pic32mx/4.5.2/../../../../pic32mx/lib/libpic32.a(default-bootstrap-exception-handler.o)
                                 0x3d (size before relaxing)
 .comment       0x00000000       0x3d /Applications/microchip/xc32/v1.31/bin/../lib/gcc/pic32mx/4.5.2/../../../../pic32mx/lib/libpic32.a(default-on-reset.o)
 .comment       0x00000000       0x3d /Applications/microchip/xc32/v1.31/bin/../lib/gcc/pic32mx/4.5.2/../../../../pic32mx/lib/libpic32.a(default-on-bootstrap.o)
 .comment       0x00000000       0x3d /Applications/microchip/xc32/v1.31/bin/../lib/gcc/pic32mx/4.5.2/../../../../pic32mx/lib/libpic32.a(default-general-exception-handler.o)
 .comment       0x00000000       0x3d /Applications/microchip/xc32/v1.31/bin/../lib/gcc/pic32mx/4.5.2/../../../../pic32mx/lib/libpic32.a(defaultinterrupt.o)
 .comment       0x00000000       0x3d /Applications/microchip/xc32/v1.31/bin/../lib/gcc/pic32mx/4.5.2/../../../../pic32mx/lib/libc.a(sscanf_cdnopuxX.eo)
 .comment       0x00000000       0x3d /Applications/microchip/xc32/v1.31/bin/../lib/gcc/pic32mx/4.5.2/../../../../pic32mx/lib/libc.a(strlen.o)
 .comment       0x00000000       0x3d /Applications/microchip/xc32/v1.31/bin/../lib/gcc/pic32mx/4.5.2/../../../../pic32mx/lib/libc.a(doscan_cdnopuxX.eo)
 .comment       0x00000000       0x3d /Applications/microchip/xc32/v1.31/bin/../lib/gcc/pic32mx/4.5.2/../../../../pic32mx/lib/libc.a(fgetc.o)
 .comment       0x00000000       0x3d /Applications/microchip/xc32/v1.31/bin/../lib/gcc/pic32mx/4.5.2/../../../../pic32mx/lib/libc.a(atoi.o)
 .comment       0x00000078       0x4e /Applications/microchip/xc32/v1.31/bin/../lib/gcc/pic32mx/4.5.2/../../../../pic32mx/lib/libc.a(ctype.o)
                                 0x8b (size before relaxing)
 .comment       0x000000c6       0x4f /Applications/microchip/xc32/v1.31/bin/../lib/gcc/pic32mx/4.5.2/../../../../pic32mx/lib/libc.a(ctypef.o)
                                 0x8c (size before relaxing)
 .comment       0x00000000       0x3d /Applications/microchip/xc32/v1.31/bin/../lib/gcc/pic32mx/4.5.2/../../../../pic32mx/lib/libc.a(ungetc.o)
 .comment       0x00000000       0x3d /Applications/microchip/xc32/v1.31/bin/../lib/gcc/pic32mx/4.5.2/../../../../pic32mx/lib/libc.a(filbuf.o)
 .comment       0x00000000       0x3d /Applications/microchip/xc32/v1.31/bin/../lib/gcc/pic32mx/4.5.2/../../../../pic32mx/lib/libc.a(fflush.o)
 .comment       0x00000000       0x3d /Applications/microchip/xc32/v1.31/bin/../lib/gcc/pic32mx/4.5.2/../../../../pic32mx/lib/libc.a(_iob.o)
 .comment       0x00000000       0x3d /Applications/microchip/xc32/v1.31/bin/../lib/gcc/pic32mx/4.5.2/../../../../pic32mx/lib/libpic32.a(read.o)
 .comment       0x00000000       0x3d /Applications/microchip/xc32/v1.31/bin/../lib/gcc/pic32mx/4.5.2/../../../../pic32mx/lib/libpic32.a(write.o)
 .comment       0x00000000       0x3d /Applications/microchip/xc32/v1.31/bin/../lib/gcc/pic32mx/4.5.2/../../../../pic32mx/lib/libpic32.a(xc32_uart.o)
 .comment       0x00000000       0x3d /Applications/microchip/xc32/v1.31/bin/../lib/gcc/pic32mx/4.5.2/../../../../pic32mx/lib/libpic32.a(_mon_putc.o)

.debug
 *(.debug)

.line
 *(.line)

.debug_srcinfo
 *(.debug_srcinfo)

.debug_sfnames
 *(.debug_sfnames)

.debug_aranges  0x00000000      0x9e0
 *(.debug_aranges)
 .debug_aranges
                0x00000000       0x38 build/pic32mx795_pim_e16_int_dyn/production/_ext/1252289623/sys_clk_static.o
 .debug_aranges
                0x00000038       0x20 build/pic32mx795_pim_e16_int_dyn/production/_ext/633097401/sys_ports_static.o
 .debug_aranges
                0x00000058       0x20 build/pic32mx795_pim_e16_int_dyn/production/_ext/1856320864/system_init.o
 .debug_aranges
                0x00000078       0x28 build/pic32mx795_pim_e16_int_dyn/production/_ext/1856320864/system_interrupt.o
 .debug_aranges
                0x000000a0       0x20 build/pic32mx795_pim_e16_int_dyn/production/_ext/1856320864/system_tasks.o
 .debug_aranges
                0x000000c0       0x40 build/pic32mx795_pim_e16_int_dyn/production/_ext/1360937237/app.o
 .debug_aranges
                0x00000100       0x20 build/pic32mx795_pim_e16_int_dyn/production/_ext/1360937237/main.o
 .debug_aranges
                0x00000120       0x58 build/pic32mx795_pim_e16_int_dyn/production/_ext/819416189/bsp_sys_init.o
 .debug_aranges
                0x00000178       0xa8 build/pic32mx795_pim_e16_int_dyn/production/_ext/1927798604/drv_usart.o
 .debug_aranges
                0x00000220       0x28 build/pic32mx795_pim_e16_int_dyn/production/_ext/1927798604/drv_usart_read_write.o
 .debug_aranges
                0x00000248       0x70 build/pic32mx795_pim_e16_int_dyn/production/_ext/1585079243/drv_usb.o
 .debug_aranges
                0x000002b8       0xb8 build/pic32mx795_pim_e16_int_dyn/production/_ext/1585079243/drv_usb_device.o
 .debug_aranges
                0x00000370       0x78 build/pic32mx795_pim_e16_int_dyn/production/_ext/912498863/sys_devcon.o
 .debug_aranges
                0x000003e8       0x20 build/pic32mx795_pim_e16_int_dyn/production/_ext/912498863/sys_devcon_pic32mx.o
 .debug_aranges
                0x00000408       0x38 build/pic32mx795_pim_e16_int_dyn/production/_ext/711155467/sys_int_pic32.o
 .debug_aranges
                0x00000440       0xf8 build/pic32mx795_pim_e16_int_dyn/production/_ext/1653354328/sys_ports.o
 .debug_aranges
                0x00000538      0x150 build/pic32mx795_pim_e16_int_dyn/production/_ext/692885480/usb_device.o
 .debug_aranges
                0x00000688       0x88 build/pic32mx795_pim_e16_int_dyn/production/_ext/692885480/usb_device_cdc.o
 .debug_aranges
                0x00000710       0x20 build/pic32mx795_pim_e16_int_dyn/production/_ext/692885480/usb_device_cdc_acm.o
 .debug_aranges
                0x00000730       0x20 /Applications/microchip/xc32/v1.31/bin/../lib/gcc/pic32mx/4.5.2/../../../../pic32mx/lib/libpic32.a(default-bootstrap-exception-handler.o)
 .debug_aranges
                0x00000750       0x20 /Applications/microchip/xc32/v1.31/bin/../lib/gcc/pic32mx/4.5.2/../../../../pic32mx/lib/libpic32.a(default-on-reset.o)
 .debug_aranges
                0x00000770       0x20 /Applications/microchip/xc32/v1.31/bin/../lib/gcc/pic32mx/4.5.2/../../../../pic32mx/lib/libpic32.a(default-on-bootstrap.o)
 .debug_aranges
                0x00000790       0x20 /Applications/microchip/xc32/v1.31/bin/../lib/gcc/pic32mx/4.5.2/../../../../pic32mx/lib/libpic32.a(default-general-exception-handler.o)
 .debug_aranges
                0x000007b0       0x20 /Applications/microchip/xc32/v1.31/bin/../lib/gcc/pic32mx/4.5.2/../../../../pic32mx/lib/libpic32.a(defaultinterrupt.o)
 .debug_aranges
                0x000007d0       0x20 /Applications/microchip/xc32/v1.31/bin/../lib/gcc/pic32mx/4.5.2/../../../../pic32mx/lib/libc.a(sscanf_cdnopuxX.eo)
 .debug_aranges
                0x000007f0       0x20 /Applications/microchip/xc32/v1.31/bin/../lib/gcc/pic32mx/4.5.2/../../../../pic32mx/lib/libc.a(strlen.o)
 .debug_aranges
                0x00000810       0x30 /Applications/microchip/xc32/v1.31/bin/../lib/gcc/pic32mx/4.5.2/../../../../pic32mx/lib/libc.a(doscan_cdnopuxX.eo)
 .debug_aranges
                0x00000840       0x20 /Applications/microchip/xc32/v1.31/bin/../lib/gcc/pic32mx/4.5.2/../../../../pic32mx/lib/libc.a(fgetc.o)
 .debug_aranges
                0x00000860       0x20 /Applications/microchip/xc32/v1.31/bin/../lib/gcc/pic32mx/4.5.2/../../../../pic32mx/lib/libc.a(atoi.o)
 .debug_aranges
                0x00000880       0xa0 /Applications/microchip/xc32/v1.31/bin/../lib/gcc/pic32mx/4.5.2/../../../../pic32mx/lib/libc.a(ctypef.o)
 .debug_aranges
                0x00000920       0x20 /Applications/microchip/xc32/v1.31/bin/../lib/gcc/pic32mx/4.5.2/../../../../pic32mx/lib/libc.a(ungetc.o)
 .debug_aranges
                0x00000940       0x20 /Applications/microchip/xc32/v1.31/bin/../lib/gcc/pic32mx/4.5.2/../../../../pic32mx/lib/libc.a(filbuf.o)
 .debug_aranges
                0x00000960       0x20 /Applications/microchip/xc32/v1.31/bin/../lib/gcc/pic32mx/4.5.2/../../../../pic32mx/lib/libc.a(fflush.o)
 .debug_aranges
                0x00000980       0x20 /Applications/microchip/xc32/v1.31/bin/../lib/gcc/pic32mx/4.5.2/../../../../pic32mx/lib/libpic32.a(read.o)
 .debug_aranges
                0x000009a0       0x20 /Applications/microchip/xc32/v1.31/bin/../lib/gcc/pic32mx/4.5.2/../../../../pic32mx/lib/libpic32.a(write.o)
 .debug_aranges
                0x000009c0       0x20 /Applications/microchip/xc32/v1.31/bin/../lib/gcc/pic32mx/4.5.2/../../../../pic32mx/lib/libpic32.a(_mon_putc.o)

.debug_pubnames
                0x00000000     0x1b78
 *(.debug_pubnames)
 .debug_pubnames
                0x00000000       0xa0 build/pic32mx795_pim_e16_int_dyn/production/_ext/1252289623/sys_clk_static.o
 .debug_pubnames
                0x000000a0       0x2b build/pic32mx795_pim_e16_int_dyn/production/_ext/633097401/sys_ports_static.o
 .debug_pubnames
                0x000000cb      0x15d build/pic32mx795_pim_e16_int_dyn/production/_ext/1856320864/system_init.o
 .debug_pubnames
                0x00000228       0x5d build/pic32mx795_pim_e16_int_dyn/production/_ext/1856320864/system_interrupt.o
 .debug_pubnames
                0x00000285       0x2e build/pic32mx795_pim_e16_int_dyn/production/_ext/1856320864/system_tasks.o
 .debug_pubnames
                0x000002b3       0xeb build/pic32mx795_pim_e16_int_dyn/production/_ext/1360937237/app.o
 .debug_pubnames
                0x0000039e       0x1b build/pic32mx795_pim_e16_int_dyn/production/_ext/1360937237/main.o
 .debug_pubnames
                0x000003b9       0xaa build/pic32mx795_pim_e16_int_dyn/production/_ext/819416189/bsp_sys_init.o
 .debug_pubnames
                0x00000463      0x24a build/pic32mx795_pim_e16_int_dyn/production/_ext/1927798604/drv_usart.o
 .debug_pubnames
                0x000006ad       0x39 build/pic32mx795_pim_e16_int_dyn/production/_ext/1927798604/drv_usart_read_write.o
 .debug_pubnames
                0x000006e6      0x130 build/pic32mx795_pim_e16_int_dyn/production/_ext/1585079243/drv_usb.o
 .debug_pubnames
                0x00000816      0x2c1 build/pic32mx795_pim_e16_int_dyn/production/_ext/1585079243/drv_usb_device.o
 .debug_pubnames
                0x00000ad7      0x160 build/pic32mx795_pim_e16_int_dyn/production/_ext/912498863/sys_devcon.o
 .debug_pubnames
                0x00000c37       0x33 build/pic32mx795_pim_e16_int_dyn/production/_ext/912498863/sys_devcon_pic32mx.o
 .debug_pubnames
                0x00000c6a       0x7f build/pic32mx795_pim_e16_int_dyn/production/_ext/711155467/sys_int_pic32.o
 .debug_pubnames
                0x00000ce9      0x376 build/pic32mx795_pim_e16_int_dyn/production/_ext/1653354328/sys_ports.o
 .debug_pubnames
                0x0000105f      0x546 build/pic32mx795_pim_e16_int_dyn/production/_ext/692885480/usb_device.o
 .debug_pubnames
                0x000015a5      0x286 build/pic32mx795_pim_e16_int_dyn/production/_ext/692885480/usb_device_cdc.o
 .debug_pubnames
                0x0000182b       0x4a build/pic32mx795_pim_e16_int_dyn/production/_ext/692885480/usb_device_cdc_acm.o
 .debug_pubnames
                0x00001875       0x33 /Applications/microchip/xc32/v1.31/bin/../lib/gcc/pic32mx/4.5.2/../../../../pic32mx/lib/libpic32.a(default-bootstrap-exception-handler.o)
 .debug_pubnames
                0x000018a8       0x20 /Applications/microchip/xc32/v1.31/bin/../lib/gcc/pic32mx/4.5.2/../../../../pic32mx/lib/libpic32.a(default-on-reset.o)
 .debug_pubnames
                0x000018c8       0x24 /Applications/microchip/xc32/v1.31/bin/../lib/gcc/pic32mx/4.5.2/../../../../pic32mx/lib/libpic32.a(default-on-bootstrap.o)
 .debug_pubnames
                0x000018ec       0x31 /Applications/microchip/xc32/v1.31/bin/../lib/gcc/pic32mx/4.5.2/../../../../pic32mx/lib/libpic32.a(default-general-exception-handler.o)
 .debug_pubnames
                0x0000191d       0x28 /Applications/microchip/xc32/v1.31/bin/../lib/gcc/pic32mx/4.5.2/../../../../pic32mx/lib/libpic32.a(defaultinterrupt.o)
 .debug_pubnames
                0x00001945       0x27 /Applications/microchip/xc32/v1.31/bin/../lib/gcc/pic32mx/4.5.2/../../../../pic32mx/lib/libc.a(sscanf_cdnopuxX.eo)
 .debug_pubnames
                0x0000196c       0x1d /Applications/microchip/xc32/v1.31/bin/../lib/gcc/pic32mx/4.5.2/../../../../pic32mx/lib/libc.a(strlen.o)
 .debug_pubnames
                0x00001989       0x28 /Applications/microchip/xc32/v1.31/bin/../lib/gcc/pic32mx/4.5.2/../../../../pic32mx/lib/libc.a(doscan_cdnopuxX.eo)
 .debug_pubnames
                0x000019b1       0x1c /Applications/microchip/xc32/v1.31/bin/../lib/gcc/pic32mx/4.5.2/../../../../pic32mx/lib/libc.a(fgetc.o)
 .debug_pubnames
                0x000019cd       0x1b /Applications/microchip/xc32/v1.31/bin/../lib/gcc/pic32mx/4.5.2/../../../../pic32mx/lib/libc.a(atoi.o)
 .debug_pubnames
                0x000019e8       0xe1 /Applications/microchip/xc32/v1.31/bin/../lib/gcc/pic32mx/4.5.2/../../../../pic32mx/lib/libc.a(ctypef.o)
 .debug_pubnames
                0x00001ac9       0x1d /Applications/microchip/xc32/v1.31/bin/../lib/gcc/pic32mx/4.5.2/../../../../pic32mx/lib/libc.a(ungetc.o)
 .debug_pubnames
                0x00001ae6       0x1e /Applications/microchip/xc32/v1.31/bin/../lib/gcc/pic32mx/4.5.2/../../../../pic32mx/lib/libc.a(filbuf.o)
 .debug_pubnames
                0x00001b04       0x1d /Applications/microchip/xc32/v1.31/bin/../lib/gcc/pic32mx/4.5.2/../../../../pic32mx/lib/libc.a(fflush.o)
 .debug_pubnames
                0x00001b21       0x1b /Applications/microchip/xc32/v1.31/bin/../lib/gcc/pic32mx/4.5.2/../../../../pic32mx/lib/libpic32.a(read.o)
 .debug_pubnames
                0x00001b3c       0x1c /Applications/microchip/xc32/v1.31/bin/../lib/gcc/pic32mx/4.5.2/../../../../pic32mx/lib/libpic32.a(write.o)
 .debug_pubnames
                0x00001b58       0x20 /Applications/microchip/xc32/v1.31/bin/../lib/gcc/pic32mx/4.5.2/../../../../pic32mx/lib/libpic32.a(_mon_putc.o)

.debug_info     0x00000000    0x38f38
 *(.debug_info .gnu.linkonce.wi.*)
 .debug_info    0x00000000     0x219c build/pic32mx795_pim_e16_int_dyn/production/_ext/1252289623/sys_clk_static.o
 .debug_info    0x0000219c     0x1187 build/pic32mx795_pim_e16_int_dyn/production/_ext/633097401/sys_ports_static.o
 .debug_info    0x00003323     0x4e34 build/pic32mx795_pim_e16_int_dyn/production/_ext/1856320864/system_init.o
 .debug_info    0x00008157     0x1985 build/pic32mx795_pim_e16_int_dyn/production/_ext/1856320864/system_interrupt.o
 .debug_info    0x00009adc     0x1947 build/pic32mx795_pim_e16_int_dyn/production/_ext/1856320864/system_tasks.o
 .debug_info    0x0000b423     0x3db6 build/pic32mx795_pim_e16_int_dyn/production/_ext/1360937237/app.o
 .debug_info    0x0000f1d9      0xb75 build/pic32mx795_pim_e16_int_dyn/production/_ext/1360937237/main.o
 .debug_info    0x0000fd4e     0x1828 build/pic32mx795_pim_e16_int_dyn/production/_ext/819416189/bsp_sys_init.o
 .debug_info    0x00011576     0x5b4c build/pic32mx795_pim_e16_int_dyn/production/_ext/1927798604/drv_usart.o
 .debug_info    0x000170c2     0x2e8a build/pic32mx795_pim_e16_int_dyn/production/_ext/1927798604/drv_usart_read_write.o
 .debug_info    0x00019f4c     0x3d58 build/pic32mx795_pim_e16_int_dyn/production/_ext/1585079243/drv_usb.o
 .debug_info    0x0001dca4     0x5e87 build/pic32mx795_pim_e16_int_dyn/production/_ext/1585079243/drv_usb_device.o
 .debug_info    0x00023b2b     0x19df build/pic32mx795_pim_e16_int_dyn/production/_ext/912498863/sys_devcon.o
 .debug_info    0x0002550a     0x109e build/pic32mx795_pim_e16_int_dyn/production/_ext/912498863/sys_devcon_pic32mx.o
 .debug_info    0x000265a8     0x1952 build/pic32mx795_pim_e16_int_dyn/production/_ext/711155467/sys_int_pic32.o
 .debug_info    0x00027efa     0x3cc9 build/pic32mx795_pim_e16_int_dyn/production/_ext/1653354328/sys_ports.o
 .debug_info    0x0002bbc3     0x5613 build/pic32mx795_pim_e16_int_dyn/production/_ext/692885480/usb_device.o
 .debug_info    0x000311d6     0x4e12 build/pic32mx795_pim_e16_int_dyn/production/_ext/692885480/usb_device_cdc.o
 .debug_info    0x00035fe8     0x2179 build/pic32mx795_pim_e16_int_dyn/production/_ext/692885480/usb_device_cdc_acm.o
 .debug_info    0x00038161       0xde /Applications/microchip/xc32/v1.31/bin/../lib/gcc/pic32mx/4.5.2/../../../../pic32mx/lib/libpic32.a(default-bootstrap-exception-handler.o)
 .debug_info    0x0003823f       0xb8 /Applications/microchip/xc32/v1.31/bin/../lib/gcc/pic32mx/4.5.2/../../../../pic32mx/lib/libpic32.a(default-on-reset.o)
 .debug_info    0x000382f7       0xc0 /Applications/microchip/xc32/v1.31/bin/../lib/gcc/pic32mx/4.5.2/../../../../pic32mx/lib/libpic32.a(default-on-bootstrap.o)
 .debug_info    0x000383b7       0xda /Applications/microchip/xc32/v1.31/bin/../lib/gcc/pic32mx/4.5.2/../../../../pic32mx/lib/libpic32.a(default-general-exception-handler.o)
 .debug_info    0x00038491       0xd2 /Applications/microchip/xc32/v1.31/bin/../lib/gcc/pic32mx/4.5.2/../../../../pic32mx/lib/libpic32.a(defaultinterrupt.o)
 .debug_info    0x00038563       0xbb /Applications/microchip/xc32/v1.31/bin/../lib/gcc/pic32mx/4.5.2/../../../../pic32mx/lib/libc.a(sscanf_cdnopuxX.eo)
 .debug_info    0x0003861e       0xb1 /Applications/microchip/xc32/v1.31/bin/../lib/gcc/pic32mx/4.5.2/../../../../pic32mx/lib/libc.a(strlen.o)
 .debug_info    0x000386cf       0xe3 /Applications/microchip/xc32/v1.31/bin/../lib/gcc/pic32mx/4.5.2/../../../../pic32mx/lib/libc.a(doscan_cdnopuxX.eo)
 .debug_info    0x000387b2       0xaf /Applications/microchip/xc32/v1.31/bin/../lib/gcc/pic32mx/4.5.2/../../../../pic32mx/lib/libc.a(fgetc.o)
 .debug_info    0x00038861       0xad /Applications/microchip/xc32/v1.31/bin/../lib/gcc/pic32mx/4.5.2/../../../../pic32mx/lib/libc.a(atoi.o)
 .debug_info    0x0003890e        0x0 /Applications/microchip/xc32/v1.31/bin/../lib/gcc/pic32mx/4.5.2/../../../../pic32mx/lib/libc.a(ctype.o)
 .debug_info    0x0003890e      0x215 /Applications/microchip/xc32/v1.31/bin/../lib/gcc/pic32mx/4.5.2/../../../../pic32mx/lib/libc.a(ctypef.o)
 .debug_info    0x00038b23       0xb1 /Applications/microchip/xc32/v1.31/bin/../lib/gcc/pic32mx/4.5.2/../../../../pic32mx/lib/libc.a(ungetc.o)
 .debug_info    0x00038bd4       0xb2 /Applications/microchip/xc32/v1.31/bin/../lib/gcc/pic32mx/4.5.2/../../../../pic32mx/lib/libc.a(filbuf.o)
 .debug_info    0x00038c86       0xb1 /Applications/microchip/xc32/v1.31/bin/../lib/gcc/pic32mx/4.5.2/../../../../pic32mx/lib/libc.a(fflush.o)
 .debug_info    0x00038d37        0x0 /Applications/microchip/xc32/v1.31/bin/../lib/gcc/pic32mx/4.5.2/../../../../pic32mx/lib/libc.a(_iob.o)
 .debug_info    0x00038d37       0xa7 /Applications/microchip/xc32/v1.31/bin/../lib/gcc/pic32mx/4.5.2/../../../../pic32mx/lib/libpic32.a(read.o)
 .debug_info    0x00038dde       0xa9 /Applications/microchip/xc32/v1.31/bin/../lib/gcc/pic32mx/4.5.2/../../../../pic32mx/lib/libpic32.a(write.o)
 .debug_info    0x00038e87        0x0 /Applications/microchip/xc32/v1.31/bin/../lib/gcc/pic32mx/4.5.2/../../../../pic32mx/lib/libpic32.a(xc32_uart.o)
 .debug_info    0x00038e87       0xb1 /Applications/microchip/xc32/v1.31/bin/../lib/gcc/pic32mx/4.5.2/../../../../pic32mx/lib/libpic32.a(_mon_putc.o)

.debug_abbrev   0x00000000     0x2f02
 *(.debug_abbrev)
 .debug_abbrev  0x00000000      0x287 build/pic32mx795_pim_e16_int_dyn/production/_ext/1252289623/sys_clk_static.o
 .debug_abbrev  0x00000287      0x124 build/pic32mx795_pim_e16_int_dyn/production/_ext/633097401/sys_ports_static.o
 .debug_abbrev  0x000003ab      0x2d0 build/pic32mx795_pim_e16_int_dyn/production/_ext/1856320864/system_init.o
 .debug_abbrev  0x0000067b      0x115 build/pic32mx795_pim_e16_int_dyn/production/_ext/1856320864/system_interrupt.o
 .debug_abbrev  0x00000790      0x115 build/pic32mx795_pim_e16_int_dyn/production/_ext/1856320864/system_tasks.o
 .debug_abbrev  0x000008a5      0x2af build/pic32mx795_pim_e16_int_dyn/production/_ext/1360937237/app.o
 .debug_abbrev  0x00000b54       0xd4 build/pic32mx795_pim_e16_int_dyn/production/_ext/1360937237/main.o
 .debug_abbrev  0x00000c28      0x180 build/pic32mx795_pim_e16_int_dyn/production/_ext/819416189/bsp_sys_init.o
 .debug_abbrev  0x00000da8      0x3cb build/pic32mx795_pim_e16_int_dyn/production/_ext/1927798604/drv_usart.o
 .debug_abbrev  0x00001173      0x2fa build/pic32mx795_pim_e16_int_dyn/production/_ext/1927798604/drv_usart_read_write.o
 .debug_abbrev  0x0000146d      0x3ee build/pic32mx795_pim_e16_int_dyn/production/_ext/1585079243/drv_usb.o
 .debug_abbrev  0x0000185b      0x3af build/pic32mx795_pim_e16_int_dyn/production/_ext/1585079243/drv_usb_device.o
 .debug_abbrev  0x00001c0a      0x269 build/pic32mx795_pim_e16_int_dyn/production/_ext/912498863/sys_devcon.o
 .debug_abbrev  0x00001e73      0x162 build/pic32mx795_pim_e16_int_dyn/production/_ext/912498863/sys_devcon_pic32mx.o
 .debug_abbrev  0x00001fd5      0x184 build/pic32mx795_pim_e16_int_dyn/production/_ext/711155467/sys_int_pic32.o
 .debug_abbrev  0x00002159      0x21a build/pic32mx795_pim_e16_int_dyn/production/_ext/1653354328/sys_ports.o
 .debug_abbrev  0x00002373      0x3cc build/pic32mx795_pim_e16_int_dyn/production/_ext/692885480/usb_device.o
 .debug_abbrev  0x0000273f      0x3b3 build/pic32mx795_pim_e16_int_dyn/production/_ext/692885480/usb_device_cdc.o
 .debug_abbrev  0x00002af2      0x1a9 build/pic32mx795_pim_e16_int_dyn/production/_ext/692885480/usb_device_cdc_acm.o
 .debug_abbrev  0x00002c9b       0x23 /Applications/microchip/xc32/v1.31/bin/../lib/gcc/pic32mx/4.5.2/../../../../pic32mx/lib/libpic32.a(default-bootstrap-exception-handler.o)
 .debug_abbrev  0x00002cbe       0x23 /Applications/microchip/xc32/v1.31/bin/../lib/gcc/pic32mx/4.5.2/../../../../pic32mx/lib/libpic32.a(default-on-reset.o)
 .debug_abbrev  0x00002ce1       0x23 /Applications/microchip/xc32/v1.31/bin/../lib/gcc/pic32mx/4.5.2/../../../../pic32mx/lib/libpic32.a(default-on-bootstrap.o)
 .debug_abbrev  0x00002d04       0x23 /Applications/microchip/xc32/v1.31/bin/../lib/gcc/pic32mx/4.5.2/../../../../pic32mx/lib/libpic32.a(default-general-exception-handler.o)
 .debug_abbrev  0x00002d27       0x23 /Applications/microchip/xc32/v1.31/bin/../lib/gcc/pic32mx/4.5.2/../../../../pic32mx/lib/libpic32.a(defaultinterrupt.o)
 .debug_abbrev  0x00002d4a       0x23 /Applications/microchip/xc32/v1.31/bin/../lib/gcc/pic32mx/4.5.2/../../../../pic32mx/lib/libc.a(sscanf_cdnopuxX.eo)
 .debug_abbrev  0x00002d6d       0x23 /Applications/microchip/xc32/v1.31/bin/../lib/gcc/pic32mx/4.5.2/../../../../pic32mx/lib/libc.a(strlen.o)
 .debug_abbrev  0x00002d90       0x34 /Applications/microchip/xc32/v1.31/bin/../lib/gcc/pic32mx/4.5.2/../../../../pic32mx/lib/libc.a(doscan_cdnopuxX.eo)
 .debug_abbrev  0x00002dc4       0x23 /Applications/microchip/xc32/v1.31/bin/../lib/gcc/pic32mx/4.5.2/../../../../pic32mx/lib/libc.a(fgetc.o)
 .debug_abbrev  0x00002de7       0x23 /Applications/microchip/xc32/v1.31/bin/../lib/gcc/pic32mx/4.5.2/../../../../pic32mx/lib/libc.a(atoi.o)
 .debug_abbrev  0x00002e0a        0x1 /Applications/microchip/xc32/v1.31/bin/../lib/gcc/pic32mx/4.5.2/../../../../pic32mx/lib/libc.a(ctype.o)
 .debug_abbrev  0x00002e0b       0x23 /Applications/microchip/xc32/v1.31/bin/../lib/gcc/pic32mx/4.5.2/../../../../pic32mx/lib/libc.a(ctypef.o)
 .debug_abbrev  0x00002e2e       0x23 /Applications/microchip/xc32/v1.31/bin/../lib/gcc/pic32mx/4.5.2/../../../../pic32mx/lib/libc.a(ungetc.o)
 .debug_abbrev  0x00002e51       0x23 /Applications/microchip/xc32/v1.31/bin/../lib/gcc/pic32mx/4.5.2/../../../../pic32mx/lib/libc.a(filbuf.o)
 .debug_abbrev  0x00002e74       0x23 /Applications/microchip/xc32/v1.31/bin/../lib/gcc/pic32mx/4.5.2/../../../../pic32mx/lib/libc.a(fflush.o)
 .debug_abbrev  0x00002e97        0x1 /Applications/microchip/xc32/v1.31/bin/../lib/gcc/pic32mx/4.5.2/../../../../pic32mx/lib/libc.a(_iob.o)
 .debug_abbrev  0x00002e98       0x23 /Applications/microchip/xc32/v1.31/bin/../lib/gcc/pic32mx/4.5.2/../../../../pic32mx/lib/libpic32.a(read.o)
 .debug_abbrev  0x00002ebb       0x23 /Applications/microchip/xc32/v1.31/bin/../lib/gcc/pic32mx/4.5.2/../../../../pic32mx/lib/libpic32.a(write.o)
 .debug_abbrev  0x00002ede        0x1 /Applications/microchip/xc32/v1.31/bin/../lib/gcc/pic32mx/4.5.2/../../../../pic32mx/lib/libpic32.a(xc32_uart.o)
 .debug_abbrev  0x00002edf       0x23 /Applications/microchip/xc32/v1.31/bin/../lib/gcc/pic32mx/4.5.2/../../../../pic32mx/lib/libpic32.a(_mon_putc.o)

.debug_line     0x00000000     0x81f6
 *(.debug_line)
 .debug_line    0x00000000      0x51d build/pic32mx795_pim_e16_int_dyn/production/_ext/1252289623/sys_clk_static.o
 .debug_line    0x0000051d      0x3ef build/pic32mx795_pim_e16_int_dyn/production/_ext/633097401/sys_ports_static.o
 .debug_line    0x0000090c      0x78e build/pic32mx795_pim_e16_int_dyn/production/_ext/1856320864/system_init.o
 .debug_line    0x0000109a      0x369 build/pic32mx795_pim_e16_int_dyn/production/_ext/1856320864/system_interrupt.o
 .debug_line    0x00001403      0x347 build/pic32mx795_pim_e16_int_dyn/production/_ext/1856320864/system_tasks.o
 .debug_line    0x0000174a      0x5a0 build/pic32mx795_pim_e16_int_dyn/production/_ext/1360937237/app.o
 .debug_line    0x00001cea       0xf8 build/pic32mx795_pim_e16_int_dyn/production/_ext/1360937237/main.o
 .debug_line    0x00001de2      0x38c build/pic32mx795_pim_e16_int_dyn/production/_ext/819416189/bsp_sys_init.o
 .debug_line    0x0000216e      0xf13 build/pic32mx795_pim_e16_int_dyn/production/_ext/1927798604/drv_usart.o
 .debug_line    0x00003081      0x7d4 build/pic32mx795_pim_e16_int_dyn/production/_ext/1927798604/drv_usart_read_write.o
 .debug_line    0x00003855      0x8e9 build/pic32mx795_pim_e16_int_dyn/production/_ext/1585079243/drv_usb.o
 .debug_line    0x0000413e      0xf70 build/pic32mx795_pim_e16_int_dyn/production/_ext/1585079243/drv_usb_device.o
 .debug_line    0x000050ae      0x673 build/pic32mx795_pim_e16_int_dyn/production/_ext/912498863/sys_devcon.o
 .debug_line    0x00005721      0x386 build/pic32mx795_pim_e16_int_dyn/production/_ext/912498863/sys_devcon_pic32mx.o
 .debug_line    0x00005aa7      0x34b build/pic32mx795_pim_e16_int_dyn/production/_ext/711155467/sys_int_pic32.o
 .debug_line    0x00005df2      0x881 build/pic32mx795_pim_e16_int_dyn/production/_ext/1653354328/sys_ports.o
 .debug_line    0x00006673      0x9c2 build/pic32mx795_pim_e16_int_dyn/production/_ext/692885480/usb_device.o
 .debug_line    0x00007035      0x664 build/pic32mx795_pim_e16_int_dyn/production/_ext/692885480/usb_device_cdc.o
 .debug_line    0x00007699      0x334 build/pic32mx795_pim_e16_int_dyn/production/_ext/692885480/usb_device_cdc_acm.o
 .debug_line    0x000079cd       0x97 /Applications/microchip/xc32/v1.31/bin/../lib/gcc/pic32mx/4.5.2/../../../../pic32mx/lib/libpic32.a(default-bootstrap-exception-handler.o)
 .debug_line    0x00007a64       0x84 /Applications/microchip/xc32/v1.31/bin/../lib/gcc/pic32mx/4.5.2/../../../../pic32mx/lib/libpic32.a(default-on-reset.o)
 .debug_line    0x00007ae8       0x88 /Applications/microchip/xc32/v1.31/bin/../lib/gcc/pic32mx/4.5.2/../../../../pic32mx/lib/libpic32.a(default-on-bootstrap.o)
 .debug_line    0x00007b70       0x95 /Applications/microchip/xc32/v1.31/bin/../lib/gcc/pic32mx/4.5.2/../../../../pic32mx/lib/libpic32.a(default-general-exception-handler.o)
 .debug_line    0x00007c05       0x96 /Applications/microchip/xc32/v1.31/bin/../lib/gcc/pic32mx/4.5.2/../../../../pic32mx/lib/libpic32.a(defaultinterrupt.o)
 .debug_line    0x00007c9b       0x70 /Applications/microchip/xc32/v1.31/bin/../lib/gcc/pic32mx/4.5.2/../../../../pic32mx/lib/libc.a(sscanf_cdnopuxX.eo)
 .debug_line    0x00007d0b       0x70 /Applications/microchip/xc32/v1.31/bin/../lib/gcc/pic32mx/4.5.2/../../../../pic32mx/lib/libc.a(strlen.o)
 .debug_line    0x00007d7b       0x70 /Applications/microchip/xc32/v1.31/bin/../lib/gcc/pic32mx/4.5.2/../../../../pic32mx/lib/libc.a(doscan_cdnopuxX.eo)
 .debug_line    0x00007deb       0x6f /Applications/microchip/xc32/v1.31/bin/../lib/gcc/pic32mx/4.5.2/../../../../pic32mx/lib/libc.a(fgetc.o)
 .debug_line    0x00007e5a       0x6e /Applications/microchip/xc32/v1.31/bin/../lib/gcc/pic32mx/4.5.2/../../../../pic32mx/lib/libc.a(atoi.o)
 .debug_line    0x00007ec8        0x0 /Applications/microchip/xc32/v1.31/bin/../lib/gcc/pic32mx/4.5.2/../../../../pic32mx/lib/libc.a(ctype.o)
 .debug_line    0x00007ec8       0x70 /Applications/microchip/xc32/v1.31/bin/../lib/gcc/pic32mx/4.5.2/../../../../pic32mx/lib/libc.a(ctypef.o)
 .debug_line    0x00007f38       0x70 /Applications/microchip/xc32/v1.31/bin/../lib/gcc/pic32mx/4.5.2/../../../../pic32mx/lib/libc.a(ungetc.o)
 .debug_line    0x00007fa8       0x70 /Applications/microchip/xc32/v1.31/bin/../lib/gcc/pic32mx/4.5.2/../../../../pic32mx/lib/libc.a(filbuf.o)
 .debug_line    0x00008018       0x70 /Applications/microchip/xc32/v1.31/bin/../lib/gcc/pic32mx/4.5.2/../../../../pic32mx/lib/libc.a(fflush.o)
 .debug_line    0x00008088        0x0 /Applications/microchip/xc32/v1.31/bin/../lib/gcc/pic32mx/4.5.2/../../../../pic32mx/lib/libc.a(_iob.o)
 .debug_line    0x00008088       0x78 /Applications/microchip/xc32/v1.31/bin/../lib/gcc/pic32mx/4.5.2/../../../../pic32mx/lib/libpic32.a(read.o)
 .debug_line    0x00008100       0x79 /Applications/microchip/xc32/v1.31/bin/../lib/gcc/pic32mx/4.5.2/../../../../pic32mx/lib/libpic32.a(write.o)
 .debug_line    0x00008179        0x0 /Applications/microchip/xc32/v1.31/bin/../lib/gcc/pic32mx/4.5.2/../../../../pic32mx/lib/libpic32.a(xc32_uart.o)
 .debug_line    0x00008179       0x7d /Applications/microchip/xc32/v1.31/bin/../lib/gcc/pic32mx/4.5.2/../../../../pic32mx/lib/libpic32.a(_mon_putc.o)

.debug_frame    0x00000000     0x1330
 *(.debug_frame)
 .debug_frame   0x00000000       0x58 build/pic32mx795_pim_e16_int_dyn/production/_ext/1252289623/sys_clk_static.o
 .debug_frame   0x00000058       0x20 build/pic32mx795_pim_e16_int_dyn/production/_ext/633097401/sys_ports_static.o
 .debug_frame   0x00000078       0x28 build/pic32mx795_pim_e16_int_dyn/production/_ext/1856320864/system_init.o
 .debug_frame   0x000000a0       0x98 build/pic32mx795_pim_e16_int_dyn/production/_ext/1856320864/system_interrupt.o
 .debug_frame   0x00000138       0x28 build/pic32mx795_pim_e16_int_dyn/production/_ext/1856320864/system_tasks.o
 .debug_frame   0x00000160       0x7c build/pic32mx795_pim_e16_int_dyn/production/_ext/1360937237/app.o
 .debug_frame   0x000001dc       0x28 build/pic32mx795_pim_e16_int_dyn/production/_ext/1360937237/main.o
 .debug_frame   0x00000204       0x90 build/pic32mx795_pim_e16_int_dyn/production/_ext/819416189/bsp_sys_init.o
 .debug_frame   0x00000294      0x1b4 build/pic32mx795_pim_e16_int_dyn/production/_ext/1927798604/drv_usart.o
 .debug_frame   0x00000448       0x50 build/pic32mx795_pim_e16_int_dyn/production/_ext/1927798604/drv_usart_read_write.o
 .debug_frame   0x00000498       0xdc build/pic32mx795_pim_e16_int_dyn/production/_ext/1585079243/drv_usb.o
 .debug_frame   0x00000574      0x1b8 build/pic32mx795_pim_e16_int_dyn/production/_ext/1585079243/drv_usb_device.o
 .debug_frame   0x0000072c       0xd8 build/pic32mx795_pim_e16_int_dyn/production/_ext/912498863/sys_devcon.o
 .debug_frame   0x00000804       0x20 build/pic32mx795_pim_e16_int_dyn/production/_ext/912498863/sys_devcon_pic32mx.o
 .debug_frame   0x00000824       0x50 build/pic32mx795_pim_e16_int_dyn/production/_ext/711155467/sys_int_pic32.o
 .debug_frame   0x00000874      0x1d0 build/pic32mx795_pim_e16_int_dyn/production/_ext/1653354328/sys_ports.o
 .debug_frame   0x00000a44      0x3b4 build/pic32mx795_pim_e16_int_dyn/production/_ext/692885480/usb_device.o
 .debug_frame   0x00000df8      0x144 build/pic32mx795_pim_e16_int_dyn/production/_ext/692885480/usb_device_cdc.o
 .debug_frame   0x00000f3c       0x28 build/pic32mx795_pim_e16_int_dyn/production/_ext/692885480/usb_device_cdc_acm.o
 .debug_frame   0x00000f64       0x28 /Applications/microchip/xc32/v1.31/bin/../lib/gcc/pic32mx/4.5.2/../../../../pic32mx/lib/libpic32.a(default-bootstrap-exception-handler.o)
 .debug_frame   0x00000f8c       0x20 /Applications/microchip/xc32/v1.31/bin/../lib/gcc/pic32mx/4.5.2/../../../../pic32mx/lib/libpic32.a(default-on-reset.o)
 .debug_frame   0x00000fac       0x20 /Applications/microchip/xc32/v1.31/bin/../lib/gcc/pic32mx/4.5.2/../../../../pic32mx/lib/libpic32.a(default-on-bootstrap.o)
 .debug_frame   0x00000fcc       0x28 /Applications/microchip/xc32/v1.31/bin/../lib/gcc/pic32mx/4.5.2/../../../../pic32mx/lib/libpic32.a(default-general-exception-handler.o)
 .debug_frame   0x00000ff4       0x20 /Applications/microchip/xc32/v1.31/bin/../lib/gcc/pic32mx/4.5.2/../../../../pic32mx/lib/libpic32.a(defaultinterrupt.o)
 .debug_frame   0x00001014       0x28 /Applications/microchip/xc32/v1.31/bin/../lib/gcc/pic32mx/4.5.2/../../../../pic32mx/lib/libc.a(sscanf_cdnopuxX.eo)
 .debug_frame   0x0000103c       0x20 /Applications/microchip/xc32/v1.31/bin/../lib/gcc/pic32mx/4.5.2/../../../../pic32mx/lib/libc.a(strlen.o)
 .debug_frame   0x0000105c       0x74 /Applications/microchip/xc32/v1.31/bin/../lib/gcc/pic32mx/4.5.2/../../../../pic32mx/lib/libc.a(doscan_cdnopuxX.eo)
 .debug_frame   0x000010d0       0x30 /Applications/microchip/xc32/v1.31/bin/../lib/gcc/pic32mx/4.5.2/../../../../pic32mx/lib/libc.a(fgetc.o)
 .debug_frame   0x00001100       0x20 /Applications/microchip/xc32/v1.31/bin/../lib/gcc/pic32mx/4.5.2/../../../../pic32mx/lib/libc.a(atoi.o)
 .debug_frame   0x00001120      0x120 /Applications/microchip/xc32/v1.31/bin/../lib/gcc/pic32mx/4.5.2/../../../../pic32mx/lib/libc.a(ctypef.o)
 .debug_frame   0x00001240       0x20 /Applications/microchip/xc32/v1.31/bin/../lib/gcc/pic32mx/4.5.2/../../../../pic32mx/lib/libc.a(ungetc.o)
 .debug_frame   0x00001260       0x30 /Applications/microchip/xc32/v1.31/bin/../lib/gcc/pic32mx/4.5.2/../../../../pic32mx/lib/libc.a(filbuf.o)
 .debug_frame   0x00001290       0x2c /Applications/microchip/xc32/v1.31/bin/../lib/gcc/pic32mx/4.5.2/../../../../pic32mx/lib/libc.a(fflush.o)
 .debug_frame   0x000012bc       0x2c /Applications/microchip/xc32/v1.31/bin/../lib/gcc/pic32mx/4.5.2/../../../../pic32mx/lib/libpic32.a(read.o)
 .debug_frame   0x000012e8       0x28 /Applications/microchip/xc32/v1.31/bin/../lib/gcc/pic32mx/4.5.2/../../../../pic32mx/lib/libpic32.a(write.o)
 .debug_frame   0x00001310       0x20 /Applications/microchip/xc32/v1.31/bin/../lib/gcc/pic32mx/4.5.2/../../../../pic32mx/lib/libpic32.a(_mon_putc.o)

.debug_str      0x00000000     0x107a
 *(.debug_str)
 .debug_str     0x00000000       0xa6 build/pic32mx795_pim_e16_int_dyn/production/_ext/1252289623/sys_clk_static.o
 .debug_str     0x000000a6       0x29 build/pic32mx795_pim_e16_int_dyn/production/_ext/633097401/sys_ports_static.o
 .debug_str     0x000000cf      0x1fb build/pic32mx795_pim_e16_int_dyn/production/_ext/1856320864/system_init.o
 .debug_str     0x000002ca       0x6d build/pic32mx795_pim_e16_int_dyn/production/_ext/1856320864/system_interrupt.o
 .debug_str     0x00000337       0x6d build/pic32mx795_pim_e16_int_dyn/production/_ext/1856320864/system_tasks.o
 .debug_str     0x000003a4      0x125 build/pic32mx795_pim_e16_int_dyn/production/_ext/1360937237/app.o
 .debug_str     0x000004c9       0x53 build/pic32mx795_pim_e16_int_dyn/production/_ext/1360937237/main.o
 .debug_str     0x0000051c       0x1e build/pic32mx795_pim_e16_int_dyn/production/_ext/819416189/bsp_sys_init.o
 .debug_str     0x0000053a      0x218 build/pic32mx795_pim_e16_int_dyn/production/_ext/1927798604/drv_usart.o
 .debug_str     0x00000752       0xbf build/pic32mx795_pim_e16_int_dyn/production/_ext/1927798604/drv_usart_read_write.o
 .debug_str     0x00000811       0xd4 build/pic32mx795_pim_e16_int_dyn/production/_ext/1585079243/drv_usb.o
 .debug_str     0x000008e5      0x19c build/pic32mx795_pim_e16_int_dyn/production/_ext/1585079243/drv_usb_device.o
 .debug_str     0x00000a81       0x35 build/pic32mx795_pim_e16_int_dyn/production/_ext/912498863/sys_devcon.o
 .debug_str     0x00000ab6       0x58 build/pic32mx795_pim_e16_int_dyn/production/_ext/912498863/sys_devcon_pic32mx.o
 .debug_str     0x00000b0e       0x16 build/pic32mx795_pim_e16_int_dyn/production/_ext/711155467/sys_int_pic32.o
 .debug_str     0x00000b24       0xa1 build/pic32mx795_pim_e16_int_dyn/production/_ext/1653354328/sys_ports.o
 .debug_str     0x00000bc5      0x2ca build/pic32mx795_pim_e16_int_dyn/production/_ext/692885480/usb_device.o
 .debug_str     0x00000e8f      0x1c1 build/pic32mx795_pim_e16_int_dyn/production/_ext/692885480/usb_device_cdc.o
 .debug_str     0x00001050       0x2a build/pic32mx795_pim_e16_int_dyn/production/_ext/692885480/usb_device_cdc_acm.o
 .debug_str     0x0000107a        0x0 /Applications/microchip/xc32/v1.31/bin/../lib/gcc/pic32mx/4.5.2/../../../../pic32mx/lib/libpic32.a(default-bootstrap-exception-handler.o)
 .debug_str     0x0000107a        0x0 /Applications/microchip/xc32/v1.31/bin/../lib/gcc/pic32mx/4.5.2/../../../../pic32mx/lib/libpic32.a(default-on-reset.o)
 .debug_str     0x0000107a        0x0 /Applications/microchip/xc32/v1.31/bin/../lib/gcc/pic32mx/4.5.2/../../../../pic32mx/lib/libpic32.a(default-on-bootstrap.o)
 .debug_str     0x0000107a        0x0 /Applications/microchip/xc32/v1.31/bin/../lib/gcc/pic32mx/4.5.2/../../../../pic32mx/lib/libpic32.a(default-general-exception-handler.o)
 .debug_str     0x0000107a        0x0 /Applications/microchip/xc32/v1.31/bin/../lib/gcc/pic32mx/4.5.2/../../../../pic32mx/lib/libpic32.a(defaultinterrupt.o)
 .debug_str     0x0000107a        0x0 /Applications/microchip/xc32/v1.31/bin/../lib/gcc/pic32mx/4.5.2/../../../../pic32mx/lib/libc.a(sscanf_cdnopuxX.eo)
 .debug_str     0x0000107a        0x0 /Applications/microchip/xc32/v1.31/bin/../lib/gcc/pic32mx/4.5.2/../../../../pic32mx/lib/libc.a(strlen.o)
 .debug_str     0x0000107a        0x0 /Applications/microchip/xc32/v1.31/bin/../lib/gcc/pic32mx/4.5.2/../../../../pic32mx/lib/libc.a(doscan_cdnopuxX.eo)
 .debug_str     0x0000107a        0x0 /Applications/microchip/xc32/v1.31/bin/../lib/gcc/pic32mx/4.5.2/../../../../pic32mx/lib/libc.a(fgetc.o)
 .debug_str     0x0000107a        0x0 /Applications/microchip/xc32/v1.31/bin/../lib/gcc/pic32mx/4.5.2/../../../../pic32mx/lib/libc.a(atoi.o)
 .debug_str     0x0000107a        0x0 /Applications/microchip/xc32/v1.31/bin/../lib/gcc/pic32mx/4.5.2/../../../../pic32mx/lib/libc.a(ctype.o)
 .debug_str     0x0000107a        0x0 /Applications/microchip/xc32/v1.31/bin/../lib/gcc/pic32mx/4.5.2/../../../../pic32mx/lib/libc.a(ctypef.o)
 .debug_str     0x0000107a        0x0 /Applications/microchip/xc32/v1.31/bin/../lib/gcc/pic32mx/4.5.2/../../../../pic32mx/lib/libc.a(ungetc.o)
 .debug_str     0x0000107a        0x0 /Applications/microchip/xc32/v1.31/bin/../lib/gcc/pic32mx/4.5.2/../../../../pic32mx/lib/libc.a(filbuf.o)
 .debug_str     0x0000107a        0x0 /Applications/microchip/xc32/v1.31/bin/../lib/gcc/pic32mx/4.5.2/../../../../pic32mx/lib/libc.a(fflush.o)
 .debug_str     0x0000107a        0x0 /Applications/microchip/xc32/v1.31/bin/../lib/gcc/pic32mx/4.5.2/../../../../pic32mx/lib/libc.a(_iob.o)
 .debug_str     0x0000107a        0x0 /Applications/microchip/xc32/v1.31/bin/../lib/gcc/pic32mx/4.5.2/../../../../pic32mx/lib/libpic32.a(read.o)
 .debug_str     0x0000107a        0x0 /Applications/microchip/xc32/v1.31/bin/../lib/gcc/pic32mx/4.5.2/../../../../pic32mx/lib/libpic32.a(write.o)
 .debug_str     0x0000107a        0x0 /Applications/microchip/xc32/v1.31/bin/../lib/gcc/pic32mx/4.5.2/../../../../pic32mx/lib/libpic32.a(xc32_uart.o)
 .debug_str     0x0000107a        0x0 /Applications/microchip/xc32/v1.31/bin/../lib/gcc/pic32mx/4.5.2/../../../../pic32mx/lib/libpic32.a(_mon_putc.o)

.debug_loc      0x00000000     0x5237
 *(.debug_loc)
 .debug_loc     0x00000000       0x13 build/pic32mx795_pim_e16_int_dyn/production/_ext/1252289623/sys_clk_static.o
 .debug_loc     0x00000013       0x13 build/pic32mx795_pim_e16_int_dyn/production/_ext/1856320864/system_init.o
 .debug_loc     0x00000026      0x1a8 build/pic32mx795_pim_e16_int_dyn/production/_ext/1360937237/app.o
 .debug_loc     0x000001ce       0x4c build/pic32mx795_pim_e16_int_dyn/production/_ext/819416189/bsp_sys_init.o
 .debug_loc     0x0000021a     0x196e build/pic32mx795_pim_e16_int_dyn/production/_ext/1927798604/drv_usart.o
 .debug_loc     0x00001b88      0x657 build/pic32mx795_pim_e16_int_dyn/production/_ext/1927798604/drv_usart_read_write.o
 .debug_loc     0x000021df      0x34f build/pic32mx795_pim_e16_int_dyn/production/_ext/1585079243/drv_usb.o
 .debug_loc     0x0000252e      0xf4b build/pic32mx795_pim_e16_int_dyn/production/_ext/1585079243/drv_usb_device.o
 .debug_loc     0x00003479       0x4c build/pic32mx795_pim_e16_int_dyn/production/_ext/912498863/sys_devcon.o
 .debug_loc     0x000034c5       0x31 build/pic32mx795_pim_e16_int_dyn/production/_ext/912498863/sys_devcon_pic32mx.o
 .debug_loc     0x000034f6       0x6c build/pic32mx795_pim_e16_int_dyn/production/_ext/711155467/sys_int_pic32.o
 .debug_loc     0x00003562      0xa54 build/pic32mx795_pim_e16_int_dyn/production/_ext/1653354328/sys_ports.o
 .debug_loc     0x00003fb6      0xd0f build/pic32mx795_pim_e16_int_dyn/production/_ext/692885480/usb_device.o
 .debug_loc     0x00004cc5      0x489 build/pic32mx795_pim_e16_int_dyn/production/_ext/692885480/usb_device_cdc.o
 .debug_loc     0x0000514e       0xe9 build/pic32mx795_pim_e16_int_dyn/production/_ext/692885480/usb_device_cdc_acm.o

.debug_macinfo
 *(.debug_macinfo)

.debug_weaknames
 *(.debug_weaknames)

.debug_funcnames
 *(.debug_funcnames)

.debug_typenames
 *(.debug_typenames)

.debug_varnames
 *(.debug_varnames)

.debug_pubtypes
                0x00000000     0x2b71
 *(.debug_pubtypes)
 .debug_pubtypes
                0x00000000      0x14f build/pic32mx795_pim_e16_int_dyn/production/_ext/1252289623/sys_clk_static.o
 .debug_pubtypes
                0x0000014f       0xac build/pic32mx795_pim_e16_int_dyn/production/_ext/633097401/sys_ports_static.o
 .debug_pubtypes
                0x000001fb      0x367 build/pic32mx795_pim_e16_int_dyn/production/_ext/1856320864/system_init.o
 .debug_pubtypes
                0x00000562       0xab build/pic32mx795_pim_e16_int_dyn/production/_ext/1856320864/system_interrupt.o
 .debug_pubtypes
                0x0000060d       0xab build/pic32mx795_pim_e16_int_dyn/production/_ext/1856320864/system_tasks.o
 .debug_pubtypes
                0x000006b8      0x42c build/pic32mx795_pim_e16_int_dyn/production/_ext/1360937237/app.o
 .debug_pubtypes
                0x00000ae4       0xa5 build/pic32mx795_pim_e16_int_dyn/production/_ext/1360937237/main.o
 .debug_pubtypes
                0x00000b89       0xa8 build/pic32mx795_pim_e16_int_dyn/production/_ext/819416189/bsp_sys_init.o
 .debug_pubtypes
                0x00000c31      0x4a4 build/pic32mx795_pim_e16_int_dyn/production/_ext/1927798604/drv_usart.o
 .debug_pubtypes
                0x000010d5      0x2bf build/pic32mx795_pim_e16_int_dyn/production/_ext/1927798604/drv_usart_read_write.o
 .debug_pubtypes
                0x00001394      0x382 build/pic32mx795_pim_e16_int_dyn/production/_ext/1585079243/drv_usb.o
 .debug_pubtypes
                0x00001716      0x38e build/pic32mx795_pim_e16_int_dyn/production/_ext/1585079243/drv_usb_device.o
 .debug_pubtypes
                0x00001aa4      0x136 build/pic32mx795_pim_e16_int_dyn/production/_ext/912498863/sys_devcon.o
 .debug_pubtypes
                0x00001bda       0x81 build/pic32mx795_pim_e16_int_dyn/production/_ext/912498863/sys_devcon_pic32mx.o
 .debug_pubtypes
                0x00001c5b       0x93 build/pic32mx795_pim_e16_int_dyn/production/_ext/711155467/sys_int_pic32.o
 .debug_pubtypes
                0x00001cee      0x1de build/pic32mx795_pim_e16_int_dyn/production/_ext/1653354328/sys_ports.o
 .debug_pubtypes
                0x00001ecc      0x533 build/pic32mx795_pim_e16_int_dyn/production/_ext/692885480/usb_device.o
 .debug_pubtypes
                0x000023ff      0x5d5 build/pic32mx795_pim_e16_int_dyn/production/_ext/692885480/usb_device_cdc.o
 .debug_pubtypes
                0x000029d4      0x19d build/pic32mx795_pim_e16_int_dyn/production/_ext/692885480/usb_device_cdc_acm.o

.debug_ranges
 *(.debug_ranges)

.gnu.attributes
                0x00000000       0x10
 *(.gnu.attributes)
 .gnu.attributes
                0x00000000       0x10 build/pic32mx795_pim_e16_int_dyn/production/_ext/1252289623/sys_clk_static.o
 .gnu.attributes
                0x00000010       0x10 build/pic32mx795_pim_e16_int_dyn/production/_ext/633097401/sys_ports_static.o
 .gnu.attributes